
 Start         Length     Name                   Class
 0001:00000000 000666FCH .text                   CODE
 0002:00000000 00001820H .data                   DATA
 0002:00001820 00000B91H .bss                    BSS


Detailed map of segments

 0001:00000000 00005084 C=CODE     S=.text    G=(none)   M=System   ACBP=A9
 0001:00005084 00000174 C=CODE     S=.text    G=(none)   M=SysInit  ACBP=A9
 0001:000051F8 00000AAC C=CODE     S=.text    G=(none)   M=Windows  ACBP=A9
 0001:00005CA4 00000038 C=CODE     S=.text    G=(none)   M=Messages ACBP=A9
 0001:00005CDC 000002C8 C=CODE     S=.text    G=(none)   M=SysConst ACBP=A9
 0001:00005FA4 0000410C C=CODE     S=.text    G=(none)   M=SysUtils ACBP=A9
 0001:0000A0B0 00000040 C=CODE     S=.text    G=(none)   M=ActiveX  ACBP=A9
 0001:0000A0F0 000003B0 C=CODE     S=.text    G=(none)   M=Consts   ACBP=A9
 0001:0000A4A0 00000540 C=CODE     S=.text    G=(none)   M=TypInfo  ACBP=A9
 0001:0000A9E0 00007633 C=CODE     S=.text    G=(none)   M=Classes  ACBP=A9
 0001:00012014 00008D37 C=CODE     S=.text    G=(none)   M=Graphics ACBP=A9
 0001:0001AD4C 000001C4 C=CODE     S=.text    G=(none)   M=Contnrs  ACBP=A9
 0001:0001AF10 00000198 C=CODE     S=.text    G=(none)   M=Commctrl ACBP=A9
 0001:0001B0A8 00000793 C=CODE     S=.text    G=(none)   M=MultiMon ACBP=A9
 0001:0001B83C 00000038 C=CODE     S=.text    G=(none)   M=Imm      ACBP=A9
 0001:0001B874 00000040 C=CODE     S=.text    G=(none)   M=Math     ACBP=A9
 0001:0001B8B4 00000038 C=CODE     S=.text    G=(none)   M=WinSpool ACBP=A9
 0001:0001B8EC 00000044 C=CODE     S=.text    G=(none)   M=Printers ACBP=A9
 0001:0001B930 0000031F C=CODE     S=.text    G=(none)   M=FlatSB   ACBP=A9
 0001:0001BC50 000061B8 C=CODE     S=.text    G=(none)   M=StdCtrls ACBP=A9
 0001:00021E08 00000094 C=CODE     S=.text    G=(none)   M=Clipbrd  ACBP=A9
 0001:00021E9C 0000015C C=CODE     S=.text    G=(none)   M=StdActns ACBP=A9
 0001:00021FF8 0000F660 C=CODE     S=.text    G=(none)   M=Controls ACBP=A9
 0001:00031658 00000E28 C=CODE     S=.text    G=(none)   M=ActnList ACBP=A9
 0001:00032480 00001938 C=CODE     S=.text    G=(none)   M=ImgList  ACBP=A9
 0001:00033DB8 000061D7 C=CODE     S=.text    G=(none)   M=Menus    ACBP=A9
 0001:00039F90 0000C053 C=CODE     S=.text    G=(none)   M=Forms    ACBP=A9
 0001:00045FE4 00000038 C=CODE     S=.text    G=(none)   M=ShellAPI ACBP=A9
 0001:0004601C 00000038 C=CODE     S=.text    G=(none)   M=RegStr   ACBP=A9
 0001:00046054 00000038 C=CODE     S=.text    G=(none)   M=WinInet  ACBP=A9
 0001:0004608C 00000038 C=CODE     S=.text    G=(none)   M=UrlMon   ACBP=A9
 0001:000460C4 00000038 C=CODE     S=.text    G=(none)   M=ShlObj   ACBP=A9
 0001:000460FC 00000048 C=CODE     S=.text    G=(none)   M=CommDlg  ACBP=A9
 0001:00046144 00002328 C=CODE     S=.text    G=(none)   M=ExtCtrls ACBP=A9
 0001:0004846C 00000038 C=CODE     S=.text    G=(none)   M=Dlgs     ACBP=A9
 0001:000484A4 000015D1 C=CODE     S=.text    G=(none)   M=Dialogs  ACBP=A9
 0001:00049A78 00000184 C=CODE     S=.text    G=(none)   M=UnitMil  ACBP=A9
 0001:00049BFC 000021B5 C=CODE     S=.text    G=(none)   M=Buttons  ACBP=A9
 0001:0004BDB4 00000038 C=CODE     S=.text    G=(none)   M=RichEdit ACBP=A9
 0001:0004BDEC 00000038 C=CODE     S=.text    G=(none)   M=ToolWin  ACBP=A9
 0001:0004BE24 00000038 C=CODE     S=.text    G=(none)   M=ComStrs  ACBP=A9
 0001:0004BE5C 00000C14 C=CODE     S=.text    G=(none)   M=ComCtrls ACBP=A9
 0001:0004CA70 00000050 C=CODE     S=.text    G=(none)   M=jconsts  ACBP=A9
 0001:0004CAC0 00013840 C=CODE     S=.text    G=(none)   M=jpeg     ACBP=A9
 0001:00060300 00000390 C=CODE     S=.text    G=(none)   M=Unit5    ACBP=A9
 0001:00060690 00001990 C=CODE     S=.text    G=(none)   M=modulbus ACBP=A9
 0001:00062020 000008DC C=CODE     S=.text    G=(none)   M=Unit3    ACBP=A9
 0001:000628FC 00000BF4 C=CODE     S=.text    G=(none)   M=Unit4    ACBP=A9
 0001:000634F0 00000238 C=CODE     S=.text    G=(none)   M=Unit6    ACBP=A9
 0001:00063728 00000898 C=CODE     S=.text    G=(none)   M=Unit7    ACBP=A9
 0001:00063FC0 00001F8C C=CODE     S=.text    G=(none)   M=Unit2    ACBP=A9
 0001:00065F4C 00000584 C=CODE     S=.text    G=(none)   M=Unit1    ACBP=A9
 0001:000664D0 00000229 C=CODE     S=.text    G=(none)   M=Project1 ACBP=A9
 0002:00000000 000000A6 C=DATA     S=.data    G=DGROUP   M=System   ACBP=A9
 0002:000000A8 00000018 C=DATA     S=.data    G=DGROUP   M=SysInit  ACBP=A9
 0002:000000C0 000001F0 C=DATA     S=.data    G=DGROUP   M=SysUtils ACBP=A9
 0002:000002B0 00000010 C=DATA     S=.data    G=DGROUP   M=TypInfo  ACBP=A9
 0002:000002C0 0000005C C=DATA     S=.data    G=DGROUP   M=Classes  ACBP=A9
 0002:0000031C 000002BC C=DATA     S=.data    G=DGROUP   M=Graphics ACBP=A9
 0002:000005D8 00000004 C=DATA     S=.data    G=DGROUP   M=Printers ACBP=A9
 0002:000005DC 0000009C C=DATA     S=.data    G=DGROUP   M=StdCtrls ACBP=A9
 0002:00000678 0000012C C=DATA     S=.data    G=DGROUP   M=Controls ACBP=A9
 0002:000007A4 00000020 C=DATA     S=.data    G=DGROUP   M=ImgList  ACBP=A9
 0002:000007C4 000000EC C=DATA     S=.data    G=DGROUP   M=Menus    ACBP=A9
 0002:000008B0 0000013C C=DATA     S=.data    G=DGROUP   M=Forms    ACBP=A9
 0002:000009EC 00000014 C=DATA     S=.data    G=DGROUP   M=ExtCtrls ACBP=A9
 0002:00000A00 000000C8 C=DATA     S=.data    G=DGROUP   M=Dialogs  ACBP=A9
 0002:00000AC8 00000046 C=DATA     S=.data    G=DGROUP   M=Buttons  ACBP=A9
 0002:00000B10 00000018 C=DATA     S=.data    G=DGROUP   M=ComCtrls ACBP=A9
 0002:00000B28 000008F8 C=DATA     S=.data    G=DGROUP   M=jpeg     ACBP=A9
 0002:00002000 000004CC C=BSS      S=.bss     G=DGROUP   M=System   ACBP=A9
 0002:000024CC 00000018 C=BSS      S=.bss     G=DGROUP   M=SysInit  ACBP=A9
 0002:000024E4 00000004 C=BSS      S=.bss     G=DGROUP   M=Windows  ACBP=A9
 0002:000024E8 00000004 C=BSS      S=.bss     G=DGROUP   M=Messages ACBP=A9
 0002:000024EC 00000004 C=BSS      S=.bss     G=DGROUP   M=SysConst ACBP=A9
 0002:000024F0 00000118 C=BSS      S=.bss     G=DGROUP   M=SysUtils ACBP=A9
 0002:00002608 00000004 C=BSS      S=.bss     G=DGROUP   M=ActiveX  ACBP=A9
 0002:0000260C 00000004 C=BSS      S=.bss     G=DGROUP   M=Consts   ACBP=A9
 0002:00002610 00000004 C=BSS      S=.bss     G=DGROUP   M=TypInfo  ACBP=A9
 0002:00002614 00000038 C=BSS      S=.bss     G=DGROUP   M=Classes  ACBP=A9
 0002:0000264C 00000060 C=BSS      S=.bss     G=DGROUP   M=Graphics ACBP=A9
 0002:000026AC 00000004 C=BSS      S=.bss     G=DGROUP   M=Contnrs  ACBP=A9
 0002:000026B0 0000000C C=BSS      S=.bss     G=DGROUP   M=Commctrl ACBP=A9
 0002:000026BC 00000031 C=BSS      S=.bss     G=DGROUP   M=MultiMon ACBP=A9
 0002:000026F0 00000004 C=BSS      S=.bss     G=DGROUP   M=Imm      ACBP=A9
 0002:000026F4 00000004 C=BSS      S=.bss     G=DGROUP   M=Math     ACBP=A9
 0002:000026F8 00000004 C=BSS      S=.bss     G=DGROUP   M=WinSpool ACBP=A9
 0002:000026FC 00000004 C=BSS      S=.bss     G=DGROUP   M=Printers ACBP=A9
 0002:00002700 00000034 C=BSS      S=.bss     G=DGROUP   M=FlatSB   ACBP=A9
 0002:00002734 00000004 C=BSS      S=.bss     G=DGROUP   M=StdCtrls ACBP=A9
 0002:00002738 0000000C C=BSS      S=.bss     G=DGROUP   M=Clipbrd  ACBP=A9
 0002:00002744 00000004 C=BSS      S=.bss     G=DGROUP   M=StdActns ACBP=A9
 0002:00002748 00000070 C=BSS      S=.bss     G=DGROUP   M=Controls ACBP=A9
 0002:000027B8 00000004 C=BSS      S=.bss     G=DGROUP   M=ActnList ACBP=A9
 0002:000027BC 00000004 C=BSS      S=.bss     G=DGROUP   M=ImgList  ACBP=A9
 0002:000027C0 00000010 C=BSS      S=.bss     G=DGROUP   M=Menus    ACBP=A9
 0002:000027D0 00000024 C=BSS      S=.bss     G=DGROUP   M=Forms    ACBP=A9
 0002:000027F4 00000004 C=BSS      S=.bss     G=DGROUP   M=ShellAPI ACBP=A9
 0002:000027F8 00000004 C=BSS      S=.bss     G=DGROUP   M=RegStr   ACBP=A9
 0002:000027FC 00000004 C=BSS      S=.bss     G=DGROUP   M=WinInet  ACBP=A9
 0002:00002800 00000004 C=BSS      S=.bss     G=DGROUP   M=UrlMon   ACBP=A9
 0002:00002804 00000004 C=BSS      S=.bss     G=DGROUP   M=ShlObj   ACBP=A9
 0002:00002808 00000004 C=BSS      S=.bss     G=DGROUP   M=CommDlg  ACBP=A9
 0002:0000280C 00000004 C=BSS      S=.bss     G=DGROUP   M=ExtCtrls ACBP=A9
 0002:00002810 00000004 C=BSS      S=.bss     G=DGROUP   M=Dlgs     ACBP=A9
 0002:00002814 0000000C C=BSS      S=.bss     G=DGROUP   M=Dialogs  ACBP=A9
 0002:00002820 00000008 C=BSS      S=.bss     G=DGROUP   M=UnitMil  ACBP=A9
 0002:00002828 00000030 C=BSS      S=.bss     G=DGROUP   M=Buttons  ACBP=A9
 0002:00002858 00000004 C=BSS      S=.bss     G=DGROUP   M=RichEdit ACBP=A9
 0002:0000285C 00000004 C=BSS      S=.bss     G=DGROUP   M=ToolWin  ACBP=A9
 0002:00002860 00000004 C=BSS      S=.bss     G=DGROUP   M=ComStrs  ACBP=A9
 0002:00002864 0000000C C=BSS      S=.bss     G=DGROUP   M=ComCtrls ACBP=A9
 0002:00002870 00000004 C=BSS      S=.bss     G=DGROUP   M=jconsts  ACBP=A9
 0002:00002874 00000004 C=BSS      S=.bss     G=DGROUP   M=jpeg     ACBP=A9
 0002:00002878 00000008 C=BSS      S=.bss     G=DGROUP   M=Unit5    ACBP=A9
 0002:00002880 00000004 C=BSS      S=.bss     G=DGROUP   M=modulbus ACBP=A9
 0002:00002884 00000008 C=BSS      S=.bss     G=DGROUP   M=Unit3    ACBP=A9
 0002:0000288C 00000008 C=BSS      S=.bss     G=DGROUP   M=Unit4    ACBP=A9
 0002:00002894 00000008 C=BSS      S=.bss     G=DGROUP   M=Unit6    ACBP=A9
 0002:0000289C 00000008 C=BSS      S=.bss     G=DGROUP   M=Unit7    ACBP=A9
 0002:000028A4 000002E4 C=BSS      S=.bss     G=DGROUP   M=Unit2    ACBP=A9
 0002:00002B88 00000008 C=BSS      S=.bss     G=DGROUP   M=Unit1    ACBP=A9


  Address         Publics by Name

 0001:00056188       .
 0001:00056474       .
 0001:00051198       .
 0002:00000BB4       .
 0002:00000C34       .
 0001:0004E610       .
 0001:000042BC       .
 0001:00055E94       .
 0001:00057F2C       .
 0001:00009628       .
 0002:00000BA4       .
 0001:00051C28       .
 0001:00054DF8       .
 0002:00000064       .
 0001:0004F270       .
 0001:000503CC       .
 0001:00059B68       .
 0001:00059C7C       .
 0002:00000FC0       .
 0001:00054720       .
 0001:0005AB08       .
 0001:0005B2F4       .
 0001:00052214       .
 0001:0005BE2C       .
 0001:0005BF88       .
 0001:0004FC98       .
 0001:0000467C       .
 0001:000527C0       .
 0001:0005F68C       .
 0001:000046CC       .
 0001:00053418       .
 0001:0004F7D8       .
 0001:0005C4C4       .
 0001:0005CCF4       .
 0002:00000CB4       .
 0001:0005D37C       .
 0001:0005DCA4       .
 0001:0005E224       .
 0002:00001360       .
 0002:00000DC0       .
 0002:00002814       .01
 0002:00002744       .02
 0002:000026B0       .1
 0002:00002808       .1
 0002:00002870       .1
 0002:00002800       .1
 0002:000027FC       .1
 0002:000024E8       .1
 0002:000027F8       .1
 0002:000027F4       .1
 0002:00002720       .1
 0002:000024DC       .1
 0002:00002860       .1
 0002:00002858       .1
 0002:0000260C       .1
 0002:00002824       .1
 0002:00002810       .1
 0002:00002880       .1
 0002:000024EC       .1
 0002:000026F0       .1
 0002:00002804       .1
 0002:000026DC       .1
 0002:00002898       .2
 0002:000028A0       .2
 0002:00002890       .2
 0002:00002888       .2
 0002:0000287C       .2
 0002:000026F4       .2
 0002:0000273C       .2
 0002:00002B8C       .2
 0002:00002B84       .2
 0002:00002750       .22
 0002:00002734       .22
 0002:00002608       .3
 0002:00002828       .3
 0002:000027BC       .3
 0002:000026FC       .3
 0002:00002874       .3
 0002:00002428       .3
 0002:000024E4       .3
 0002:000026F8       .3
 0002:0000285C       .4
 0002:000025F8       .44
 0002:00002864       .45
 0002:00002610       .5
 0002:000027D8       .51
 0002:0000280C       .61
 0002:000027B8       .7
 0002:00002650       .81
 0002:0000261C       .84
 0002:000027C8       .9
 0002:000026AC       .9
 0001:00001844       @AbstractError
 0001:00001FC4       @AfterConstruction
 0001:000046C5       @Append
 0001:00001DFC       @AsClass
 0001:000044BE       @Assign
 0001:00001914       @AStrCmp
 0001:00001FCC       @BeforeDestruction
 0001:00001E48       @CallDynaInst
 0001:00001F6C       @ClassCreate
 0001:00001FBC       @ClassDestroy
 0001:00004560       @Close
 0001:00003364       @CopyArray
 0001:00003248       @CopyRecord
 0001:0000346C       @Dispose
 0001:00002434       @DoneExcept
 0001:00003BEC       @DynArrayAsg
 0001:00003BB0       @DynArrayClear
 0001:000039F0       @DynArrayHigh
 0001:000039E8       @DynArrayLength
 0001:00003BA4       @DynArraySetLength
 0001:0000459C       @EofFile
 0001:00002528       @ExceptionHandler
 0001:000045F0       @FileSize
 0001:00001984       @FillChar
 0001:0000323C       @Finalize
 0001:00003154       @FinalizeArray
 0001:00003128       @FinalizeRecord
 0001:00001E60       @FindDynaInst
 0001:00004539       @Flush
 0001:00001BA8       @FpuInit
 0001:00001AE4       @FpuMaskInit
 0001:000016D0       @FreeMem
 0001:000016B8       @GetMem
 0001:000050FC       @GetTls
 0001:000028DC       @Halt
 0001:000027BC       @Halt0
 0001:000020D8       @HandleAnyException
 0001:0000238C       @HandleFinally
 0001:00002204       @HandleOnException
 0001:0000518C       @InitExe
 0001:0000311C       @Initialize
 0001:00003088       @InitializeArray
 0001:0000305C       @InitializeRecord
 0001:00002718       @InitImports
 0001:000026FC       @InitResStringImports
 0001:00004218       @IntfAddRef
 0001:000041E4       @IntfClear
 0001:000041FC       @IntfCopy
 0001:00001DE4       @IsClass
 0001:00001AB4       @isNECWindows
 0001:00059ADC       @jcopy_block_row
 0001:00059A90       @jcopy_sample_rows
 0001:00053384       @jinit_1pass_quantizer
 0001:00054600       @jinit_2pass_quantizer
 0001:0005D130       @jinit_color_converter
 0001:000525F4       @jinit_color_deconverter
 0001:0005AA58       @jinit_compress_master
 0001:0005CC2C       @jinit_c_coef_controller
 0001:0005BF04       @jinit_c_main_controller
 0001:0005BD64       @jinit_c_master_control
 0001:0005C41C       @jinit_c_prep_controller
 0001:0005DB1C       @jinit_downsampler
 0001:00055D80       @jinit_d_coef_controller
 0001:00054D18       @jinit_d_main_controller
 0001:000560F4       @jinit_d_post_controller
 0001:0005E194       @jinit_forward_dct
 0001:00051BE8       @jinit_huff_decoder
 0001:000601CC       @jinit_huff_encoder
 0001:0004F790       @jinit_input_controller
 0001:000563F8       @jinit_inverse_dct
 0001:00059A0C       @jinit_marker_reader
 0001:0005B2A8       @jinit_marker_writer
 0001:00050394       @jinit_master_decompress
 0001:0004F140       @jinit_memory_mgr
 0001:00052194       @jinit_merged_upsampler
 0001:00051124       @jinit_phuff_decoder
 0001:0005ECCC       @jinit_phuff_encoder
 0001:00056958       @jinit_upsampler
 0001:00059AEC       @jpeg_abort
 0001:00059B50       @jpeg_alloc_huff_table
 0001:00059B38       @jpeg_alloc_quant_table
 0001:0005F360       @jpeg_fdct_float
 0001:0005F0F4       @jpeg_fdct_ifast
 0001:0005ED10       @jpeg_fdct_islow
 0001:000514D0       @jpeg_fill_bit_buffer
 0001:0004F244       @jpeg_free_large
 0001:0004F234       @jpeg_free_small
 0001:0005FF10       @jpeg_gen_optimal_table
 0001:0004F23C       @jpeg_get_large
 0001:0004F22C       @jpeg_get_small
 0001:000515E0       @jpeg_huff_decode
 0001:00057EF0       @jpeg_idct_1x1
 0001:00057D14       @jpeg_idct_2x2
 0001:00057980       @jpeg_idct_4x4
 0001:00056B70       @jpeg_idct_float
 0001:00056FA0       @jpeg_idct_ifast
 0001:000573AC       @jpeg_idct_islow
 0001:0005F858       @jpeg_make_c_derived_tbl
 0001:000512B8       @jpeg_make_d_derived_tbl
 0001:0004F24C       @jpeg_mem_available
 0001:0004F268       @jpeg_mem_init
 0001:0004F26C       @jpeg_mem_term
 0001:0004F258       @jpeg_open_backing_store
 0001:000598E0       @jpeg_resync_to_restart
 0001:0005A88C       @jpeg_suppress_tables
 0001:00059A78       @jround_up
 0001:00002D28       @LStrAddRef
 0001:00002918       @LStrArrayClr
 0001:00002948       @LStrAsg
 0001:00002B7C       @LStrCat
 0001:00002BC0       @LStrCat3
 0001:00002C34       @LStrCatN
 0001:000028F4       @LStrClr
 0001:00002C84       @LStrCmp
 0001:00002D7C       @LStrCopy
 0001:00002DBC       @LStrDelete
 0001:00002B24       @LStrFromArray
 0001:00002A9C       @LStrFromChar
 0001:00002AAC       @LStrFromPChar
 0001:000029DC       @LStrFromPCharLen
 0001:00002ADC       @LStrFromPWChar
 0001:00002A0C       @LStrFromPWCharLen
 0001:00002B18       @LStrFromString
 0001:00002B3C       @LStrFromWStr
 0001:00002E04       @LStrInsert
 0001:0000298C       @LStrLAsg
 0001:00002B74       @LStrLen
 0001:00002E60       @LStrSetLength
 0001:00002D38       @LStrToPChar
 0001:00002B50       @LStrToString
 0001:00003458       @New
 0001:000029B8       @NewAnsiString
 0001:00003000       @NewWideString
 0001:000049C8       @Pow10
 0001:00001890       @PStrCmp
 0001:00001860       @PStrNCpy
 0001:000023E0       @RaiseAgain
 0001:000023C4       @RaiseExcept
 0001:00004630       @ReadRec
 0001:000016E8       @ReallocMem
 0001:000047CD       @ResetFile
 0001:000046B7       @ResetText
 0001:000047E4       @RewritFile
 0001:000046BE       @RewritText
 0001:0000181C       @ROUND
 0001:000028E8       @RunError
 0001:000026CC       @StartExe
 0001:00001828       @TRUNC
 0001:00002464       @TryFinallyExit
 0001:000019A4       @ValLong
 0001:000039C4       @VarAddRef
 0001:00003818       @VarCast
 0001:000035C0       @VarClear
 0001:000039BC       @VarClr
 0001:00003604       @VarCopy
 0001:00003948       @VarFromLStr
 0001:00003988       @VarFromWStr
 0001:0000390C       @VarToLStr
 0001:0000492F       @Write0Char
 0001:00004998       @Write0CString
 0001:000048F4       @Write0String
 0001:00004850       @WriteBytes
 0001:00004981       @WriteChar
 0001:0000499C       @WriteCString
 0001:0000491B       @WriteLn
 0001:00004804       @WriteRec
 0001:000048BB       @WriteSpaces
 0001:000048FE       @WriteString
 0001:00002EF4       @WStrArrayClr
 0001:00002F18       @WStrAsg
 0001:00002EDC       @WStrClr
 0001:00002FE4       @WStrFromLStr
 0001:00002F3C       @WStrFromPCharLen
 0001:00002FC0       @WStrFromPWCharLen
 0001:00002FF4       @WStrLen
 0001:00003018       @WStrSetLength
 0001:00001A88       @_CLenToPasStr
 0001:00001A70       @_CToPasStr
 0001:00004514       @_Flush
 0001:00001788       @_IOTest
 0001:00004CE2       @_lldiv
 0001:00004D5A       @_lldivo
 0001:00004DD5       @_llmod
 0001:00004E4F       @_llmodo
 0001:00004C9C       @_llmul
 0001:00004CBF       @_llmulo
 0001:00004ECF       @_llshl
 0001:00004D8C       @_lludiv
 0001:00004E81       @_llumod
 0001:00004F07       @_llushr
 0001:000247E0       AbsMin
 0001:00008410       AbstractErrorHandler
 0002:00002018       AbstractErrorProc
 0002:00000104       AccessMode
 0001:000055E0       ActivateKeyboardLayout
 0002:00002778       ActiveDrag
 0001:0000A0E8       ActiveX
 0001:00032478       ActnList
 0001:000003F0       AddBlockAfter
 0001:00006B60       AddExitProc
 0001:0000E910       AddFinished
 0001:000358BC       AddIn
 0001:00004020       AddModuleUnloadProc
 0001:00004030       AddModuleUnloadProc
 0001:0000E948       AddNotFinished
 0001:000158E8       AdjustColor
 0001:00048044       AdjustColors
 0001:0003CD5C       Adjustment
 0001:000055E8       AdjustWindowRectEx
 0002:00000888       Alignments
 0002:000009F4       Alignments
 0002:00000624       Alignments
 0002:000005E4       Alignments
 0002:00000898       Alignments
 0001:00043604       AlignWork
 0001:00029714       AlignWork
 0001:0003C788       AllocateHWnd
 0001:0004922C       AllocFilterStr
 0001:00006B14       AllocMem
 0002:00002420       AllocMemCount
 0002:00002424       AllocMemSize
 0001:0001AB44       AllocPatternBitmap
 0002:00000680       AnchorAlign
 0001:00006CA0       AnsiCompareText
 0001:00006F5C       AnsiLastChar
 0001:000055F0       AnsiLower
 0001:00006C6C       AnsiLowerCase
 0001:00008A6C       AnsiLowerCaseFileName
 0001:00008A34       AnsiPos
 0001:00039DC4       AnsiSameCaption
 0001:00006CD8       AnsiSameText
 0001:00006D14       AnsiStrLIComp
 0001:00008AF8       AnsiStrPos
 0001:00008B98       AnsiStrRScan
 0001:00008BC0       AnsiStrScan
 0001:000036A0       AnyChangeType
 0002:000027D0       Application
 0002:000009E4       AppVisible
 0001:000083F4       AssertErrorHandler
 0002:00002014       AssertErrorProc
 0001:0000A6FC       AssignLongStr
 0001:0000A8C0       AssignVariant
 0001:0000A750       AssignWideStr
 0002:00002B80       AuswahlKickerKarte
 0002:00002474       avail
 0001:0000705C       BackfillGetDiskFreeSpaceEx
 0001:000270E0       BackgroundClipped
 0001:0000C31C       BeginGlobalLoading
 0001:000055F8       BeginPaint
 0001:000158F4       BetterSize
 0001:0003664C       BiDiDraw
 0001:000053B8       BitBlt
 0002:00000AC8       BitBtnCaptions
 0002:0000282C       BitBtnGlyphs
 0002:0000058C       BitCounts
 0002:00000584       BitmapCanvasList
 0002:00002668       BitmapImageLock
 0002:000008CC       BlockCode
 0002:0000244C       blockDescBlockList
 0002:00002450       blockDescFreeList
 0002:000002B0       BooleanIdents
 0002:000005DC       BorderStyles
 0002:000009EC       BorderStyles
 0002:0000093C       BorderStyles
 0001:0000BCAC       Bounds
 0002:00000830       Breaks
 0002:000026A0       BrushManager
 0002:000028E0       buffer
 0001:0004D794       BuildColorMap
 0001:00038BD0       BuildImage
 0001:0004D6EC       BuildPalette
 0002:00000A9C       ButtonCaptions
 0002:00000AF8       ButtonCount
 0002:00000A70       ButtonNames
 0001:0004BD8C       Buttons
 0002:000008AC       Buttons
 0002:0000061C       ButtonStyles
 0001:000150D4       BytesPerScanline
 0001:0001542C       ByteSwapColors
 0001:00008980       ByteType
 0001:00008908       ByteTypeTest
 0002:000002BC       C10000
 0001:0003C6C4       CalcJmpOffset
 0001:00030AB0       CalcSplitterPos
 0001:00005600       CallNextHookEx
 0001:000090D8       CallTerminateProcs
 0001:00005608       CallWindowProc
 0001:00025758       CancelDrag
 0002:000026A4       CanvasList
 0002:00002788       CanvasList
 0002:00000A5C       Captions
 0002:00000738       CaptureControl
 0002:00002820       Cardauswahl
 0002:000007D0       cBooleanToItemAutoFlag
 0001:00048B74       CenterWindow
 0002:0000273A       CF_COMPONENT
 0002:00002738       CF_PICTURE
 0002:000023E8       ChangeAnyProc
 0001:00023E8C       ChangeBiDiModeAlignment
 0001:0000370C       ChangeSourceAny
 0002:00000608       CharCases
 0001:00005610       CharLowerBuff
 0001:00000224       CharNext
 0001:00013878       CharsetToIdent
 0001:00015EBC       CheckBool
 0001:00002054       CheckJmp
 0001:00005618       CheckMenuItem
 0002:00000820       Checks
 0001:0003C5D4       CheckTaskWindow
 0001:00025488       CheckUndock
 0002:000007D4       cItemAutoFlagToBoolean
 0002:000007CC       cItemAutoFlagToMenu
 0002:00002624       ClassAliasList
 0001:00011FA0       Classes
 0002:00002620       ClassList
 0001:0000BCD4       ClassNotFound
 0002:000023E4       ClearAnyProc
 0001:000131F0       ClearColor
 0001:00005620       ClientToScreen
 0001:0002E4D4       ClientToWindow
 0002:0000057C       ClipboardFormats
 0001:00021E44       Clipbrd
 0001:00005210       CloseHandle
 0001:000001C4       CloseHandle
 0002:0000202C       CmdLine
 0002:00002028       CmdShow
 0002:000007C8       cMenuAutoFlagToItem
 0002:0000034C       Colors
 0001:00013670       ColorToIdent
 0001:00013660       ColorToRGB
 0002:000005F4       ComboBoxStyles
 0002:000026B4       ComCtl32DLL
 0001:0004CA68       ComCtrls
 0002:000027CC       CommandPool
 0001:0001B0A0       Commctrl
 0001:0004613C       CommDlg
 0001:000006D0       Commit
 0002:00002490       committedRoot
 0001:00034F2C       CompareFront
 0001:00006BD4       CompareMem
 0001:00005218       CompareString
 0001:00006BF4       CompareText
 0001:0000F2CC       ComponentCreated
 0001:00015C8C       ComputeAldusChecksum
 0001:0004BE54       ComStrs
 0002:00002B7C       ConfigFileSize
 0001:0000A498       Consts
 0001:0001AF08       Contnrs
 0002:00002756       ControlAtom
 0001:00031634       Controls
 0001:00007EB0       ConvertAddr
 0001:00006AB4       ConvertErrorFmt
 0001:000039F8       CopyArray
 0001:00018048       CopyBitmap
 0001:00018708       CopyBitmapAsMask
 0001:000053C0       CopyEnhMetaFile
 0001:0004BBB4       CopyImage
 0001:000186A4       CopyPalette
 0001:00037D6C       CopyToBest
 0002:00002680       CounterLock
 0001:00008338       CreateAssertException
 0001:000084D0       CreateAVObject
 0001:000053C8       CreateBitmap
 0001:000053D0       CreateBrushIndirect
 0001:000053D8       CreateCompatibleBitmap
 0001:000053E0       CreateCompatibleDC
 0001:0000F34C       CreateComponent
 0001:000053F0       CreateDIBitmap
 0001:000053E8       CreateDIBSection
 0001:00005220       CreateEvent
 0001:00005228       CreateFile
 0001:000001CC       CreateFileA
 0001:000053F8       CreateFontIndirect
 0001:00005400       CreateHalftonePalette
 0001:00005628       CreateIcon
 0001:00008274       CreateInOutError
 0001:00005630       CreateMenu
 0001:00005408       CreatePalette
 0001:00005410       CreatePenIndirect
 0001:00005638       CreatePopupMenu
 0001:00005418       CreateSolidBrush
 0001:00015484       CreateSystemPalette
 0001:00005230       CreateThread
 0001:00005B40       CreateWindow
 0001:00005640       CreateWindowEx
 0002:00000A04       CreationControl
 0002:00000678       CreationControl
 0002:00000670       CSHREDRAW
 0002:00000774       Ctl3DStyles
 0002:00002488       curAlloc
 0002:000024F8       CurrencyDecimals
 0002:000024F4       CurrencyFormat
 0002:000024F0       CurrencyString
 0002:00000968       CursorMap
 0002:00000688       Cursors
 0001:00024138       CursorToIdent
 0002:00000028       cwChop
 0002:000028D8       dateiname
 0002:000024F9       DateSeparator
 0002:00000348       DDBsOnly
 0001:0003C83C       DeallocateHWnd
 0002:00000008       DebugHook
 0002:000024F7       DecimalSeparator
 0001:00000764       Decommit
 0001:00000D80       DecommitFree
 0002:00002464       decommittedRoot
 0001:000440B0       Default
 0001:0003F190       Default
 0002:00000000       Default8087CW
 0002:0000067C       DefaultDockTreeClass
 0002:0000054C       DefBrushData
 0002:0000031C       DefFontData
 0001:00005648       DefFrameProc
 0002:000001A8       DefLongDayNames
 0002:0000015C       DefLongMonthNames
 0001:00005650       DefMDIChildProc
 0002:0000052C       DefPenData
 0002:0000018C       DefShortDayNames
 0002:0000012C       DefShortMonthNames
 0001:00005658       DefWindowProc
 0001:00000420       DeleteBlock
 0001:00000390       DeleteCriticalSection
 0001:00005238       DeleteCriticalSection
 0001:00005420       DeleteDC
 0001:00005428       DeleteEnhMetaFile
 0001:00000BC8       DeleteFree
 0001:00005660       DeleteMenu
 0001:00005430       DeleteObject
 0001:00017C04       DeselectBitmap
 0001:00005668       DestroyCursor
 0001:00005670       DestroyIcon
 0001:0004BCBC       DestroyLocals
 0001:00005678       DestroyMenu
 0001:00005680       DestroyWindow
 0001:00048C0C       DialogHook
 0001:00049A5C       Dialogs
 0002:00000588       DIBPalSizes
 0002:00000054       dig
 0001:0003C428       DisableTaskWindows
 0001:00005688       DispatchMessage
 0001:0004242C       DispatchShortCut
 0001:0004849C       Dlgs
 0001:000295C0       DoAlign
 0001:000434B8       DoAlign
 0001:0002D4A4       DoCalcConstraints
 0002:00002780       DockSiteList
 0001:000388FC       DoClick
 0001:0002AA8C       DoControlMsg
 0001:0003C3D8       DoDisableWindow
 0001:00024DAC       DoDragOver
 0001:00006B34       DoExitProc
 0001:0002F010       DoFindControlZone
 0001:0003C514       DoFindWindow
 0001:0002F574       DoFindZone
 0001:0002F094       DoForEach
 0001:00030908       DoGetNextLimit
 0001:0003C3A0       DoneApplication
 0001:00031460       DoneControls
 0001:00008844       DoneExceptions
 0001:0004090C       DoNestedActivation
 0001:00043308       DoPosition
 0001:00029224       DoPosition
 0001:0002FF88       DoPrune
 0001:00047588       DoRect
 0001:00030438       DoSaveZone
 0001:0003063C       DoSetNewBounds
 0002:000002B8       DotSep
 0002:00000AFC       DownStyles
 0001:00016114       DoWrite
 0001:00027F70       DoWrite
 0001:00016D50       DoWrite
 0001:0000D090       DoWrite
 0001:00033844       DoWrite
 0002:00002764       DragCapture
 0002:00002758       DragControl
 0001:000254F8       DragDone
 0001:00024D5C       DragFindTarget
 0001:00024D30       DragFindWindow
 0002:00002760       DragFreeObject
 0002:0000277C       DragImageList
 0001:00025150       DragInit
 0001:000252C0       DragInitControl
 0001:00024CB4       DragMessage
 0002:0000275C       DragObject
 0002:00002770       DragSaveCursor
 0002:00002768       DragStartPos
 0002:00002774       DragThreshold
 0001:00024E7C       DragTo
 0001:000440EC       DrawAppIcon
 0001:0002FAEC       DrawCloseButton
 0001:00005690       DrawEdge
 0001:00005698       DrawFocusRect
 0001:000056A0       DrawFrameControl
 0001:0002FB44       DrawGrabberLine
 0001:000056A8       DrawIcon
 0001:000056B0       DrawIconEx
 0002:000007AC       DrawingStyles
 0001:000056B8       DrawMenuBar
 0001:00039BD4       DrawMenuItem
 0001:000056C0       DrawText
 0001:00014F54       DupBits
 0001:00003A10       DynArrayClear
 0001:00003A18       DynArraySetLength
 0002:00000890       EdgeStyle
 0002:00000764       EdgeStyles
 0001:00008248       EHeapException.FreeInstance
 0001:00005438       Ellipse
 0001:0004CD7C       EmitMessage
 0002:00002410       EmptyParam
 0002:000000C0       EmptyStr
 0001:000056C8       EnableMenuItem
 0002:00000828       Enables
 0001:000056D0       EnableScrollBar
 0001:0003C4DC       EnableTaskWindows
 0001:000056D8       EnableWindow
 0001:0000C3AC       EndGlobalLoading
 0001:000056E0       EndPaint
 0001:00000380       EnterCriticalSection
 0001:00005240       EnterCriticalSection
 0001:00005248       EnumCalendarInfoA
 0002:000026D8       EnumDisplayMonitors
 0001:00007AFC       EnumEraNames
 0001:00007B38       EnumEraYearOffsets
 0001:00042A68       EnumMonitorsProc
 0001:000056E8       EnumThreadWindows
 0001:0000ECAC       EnumValue
 0001:000056F0       EnumWindows
 0001:000056F8       EqualRect
 0002:000025BC       EraNames
 0002:000025D8       EraYearOffsets
 0002:0000004C       errCaption
 0001:00001744       Error
 0001:00034C7C       Error
 0001:0000E594       Error
 0002:0000203C       ErrorAddr
 0001:000082F4       ErrorHandler
 0002:000001C4       ErrorMap
 0002:00002004       ErrorProc
 0001:00007E98       ExceptAddr
 0002:00002008       ExceptClsProc
 0001:00008768       ExceptHandler
 0001:000080BC       Exception.Create
 0001:000080F8       Exception.CreateFmt
 0001:00008178       Exception.CreateRes
 0001:000081B4       Exception.CreateResFmt
 0002:00002010       ExceptionClass
 0001:00007EBC       ExceptionErrorMessage
 0002:000001FC       ExceptMap
 0001:00007E80       ExceptObject
 0002:0000200C       ExceptObjProc
 0002:00002000       ExceptProc
 0001:00005440       ExcludeClipRect
 0002:00002034       ExitCode
 0001:00002788       ExitDll
 0002:00002038       ExitProc
 0001:0000022C       ExitProcess
 0002:00000100       ExitProcList
 0001:00048ED8       ExplorerHook
 0001:00048464       ExtCtrls
 0002:00000650       ExtendSelects
 0001:00007014       ExtractFileExt
 0001:00006FDC       ExtractFileName
 0001:000494A8       ExtractFileName
 0001:000494F0       ExtractFileNames
 0001:00005448       ExtTextOut
 0002:00002740       FClipboard
 0002:000028A8       FID
 0002:000028E4       FileByte
 0001:00006F54       FileClose
 0001:00006ECC       FileCreate
 0002:00000580       FileFormats
 0002:00002046       FileMode
 0001:00006E8C       FileOpen
 0001:00006EF0       FileRead
 0002:000002C0       FilerSignature
 0001:00006F48       FileSeek
 0001:00006F1C       FileWrite
 0001:00000CB0       FillAfterGap
 0001:00000C5C       FillBeforeGap
 0001:00000D48       FillerSizeAfterGap
 0001:00000CD8       FillerSizeBeforeGap
 0001:00005700       FillRect
 0002:00000B04       FillStyles
 0001:0004BDEC       Finalization
 0001:0001BC10       Finalization
 0001:00021DD0       Finalization
 0001:0004BE24       Finalization
 0001:0004BDB4       Finalization
 0001:0004C9F0       Finalization
 0001:00063F88       Finalization
 0001:00021E08       Finalization
 0001:00005C6C       Finalization
 0001:000636F0       Finalization
 0001:00021FC0       Finalization
 0001:00005CA4       Finalization
 0001:0004BD54       Finalization
 0001:0004CA88       Finalization
 0001:00005F6C       Finalization
 0001:00049BC4       Finalization
 0001:00049A00       Finalization
 0001:00045F70       Finalization
 0001:000634B8       Finalization
 0001:0000A988       Finalization
 0001:0001B8EC       Finalization
 0001:000628C4       Finalization
 0001:00060210       Finalization
 0001:0004846C       Finalization
 0001:0000A468       Finalization
 0001:0001B8B4       Finalization
 0001:00060658       Finalization
 0001:0001B87C       Finalization
 0001:00011EE8       Finalization
 0001:00048434       Finalization
 0001:0001B83C       Finalization
 0001:0001B7FC       Finalization
 0001:00061FE8       Finalization
 0001:0004610C       Finalization
 0001:000460C4       Finalization
 0001:0001B070       Finalization
 0001:000051C0       Finalization
 0001:000315E0       Finalization
 0001:00032448       Finalization
 0001:00033D80       Finalization
 0001:0001AED8       Finalization
 0001:00004F24       Finalization
 0001:0001AB7C       Finalization
 0001:00045FE4       Finalization
 0001:00065EF4       Finalization
 0001:00039EC0       Finalization
 0001:0004601C       Finalization
 0001:0000A0B8       Finalization
 0001:00009EF0       Finalization
 0001:00066498       Finalization
 0001:000664D0       Finalization
 0001:00046054       Finalization
 0001:0004608C       Finalization
 0001:00003A08       FinalizeArray
 0001:00038710       Find
 0001:00003C68       FindBS
 0001:0000BDF0       FindClass
 0001:00003C3C       FindClassHInstance
 0001:0000023C       FindClose
 0001:00000C2C       FindCommitted
 0001:00023F58       FindControl
 0001:0002F77C       FindControlAtPos
 0001:000257A4       FindDragTarget
 0001:0000F4FC       FindExistingComponent
 0001:00000244       FindFirstFile
 0002:00002618       FindGlobalComponent
 0001:0003C620       FindGlobalComponent
 0001:00003C14       FindHInstance
 0001:0000C190       FindIdentToInt
 0002:0000281C       FindMsg
 0001:0000E848       FindNestedComponent
 0001:00034C48       FindPopupControl
 0001:00005250       FindResource
 0001:00003C44       FindResourceHInstance
 0001:00045920       FindScanline
 0001:0003C578       FindTopMostWindow
 0001:000103CC       FindUniqueName
 0001:00025770       FindVCLWindow
 0001:00005708       FindWindow
 0001:0000260C       FInitUnits
 0001:00017FFC       FixupBitFields
 0002:000008A0       Flags
 0002:00002604       FLanguages
 0001:0001BC40       FlatSB
 0002:00002700       FlatSB_EnableScrollBar
 0002:0000270C       FlatSB_GetScrollInfo
 0002:00002710       FlatSB_GetScrollPos
 0002:00002708       FlatSB_GetScrollRange
 0002:00002718       FlatSB_SetScrollInfo
 0002:00002714       FlatSB_SetScrollPos
 0001:0001B930       FlatSB_SetScrollProp
 0002:0000271C       FlatSB_SetScrollRange
 0002:00002704       FlatSB_ShowScrollBar
 0001:00009BED       FloatToDecimal
 0001:0000964A       FloatToText
 0001:0000991A       FloatToTextFmt
 0001:00007814       FmtStr
 0002:000008B8       FocusCount
 0002:000008B4       FocusMessages
 0002:0000049C       FontCharsets
 0002:00002698       FontManager
 0002:00000A00       ForceCurrentDirectory
 0001:0003C5F4       ForegroundTask
 0002:00002B88       Form1
 0002:000028A4       Form2
 0002:00002884       Form3
 0002:0000288C       Form4
 0002:00002878       Form5
 0002:00002894       Form6
 0002:0000289C       Form7
 0001:00007800       Format
 0001:000073A0       FormatBuf
 0001:00007394       FormatClearStr
 0001:00007328       FormatError
 0002:00000124       FormatErrorStrs
 0001:0004CD84       FormatMessage
 0001:00005258       FormatMessage
 0001:00007380       FormatVarToStr
 0001:00045FC4       Forms
 0001:000049C8       FPower10
 0002:000005D8       FPrinter
 0001:0004764C       Frame3D
 0001:00005710       FrameRect
 0001:000092C4       FreeAndNil
 0001:00000998       FreeCommitted
 0001:00000EA0       FreeCurAlloc
 0001:00025864       FreeDeviceContext
 0001:00025920       FreeDeviceContexts
 0001:00011E74       FreeIntConstList
 0001:00005260       FreeLibrary
 0001:0000024C       FreeLibrary
 0001:00017B58       FreeMemoryContexts
 0001:0003C764       FreeObjectInstance
 0001:00005268       FreeResource
 0001:00000618       FreeSpace
 0001:000090F4       FreeTerminateProcs
 0001:00010F30       FreeThreadWindow
 0002:0000286C       FRichEditModule
 0001:00014F44       GDICheck
 0001:00014E9C       GDIError
 0001:00005450       GdiFlush
 0001:00005718       GetActiveWindow
 0001:0004398C       GetAnimation
 0001:00005458       GetBitmapBits
 0001:00000398       GetBlockDesc
 0001:00005460       GetBrushOrgEx
 0001:00005720       GetCapture
 0001:000241E0       GetCaptureControl
 0001:0000BD40       GetClass
 0001:00005728       GetClassInfo
 0001:00005730       GetClientRect
 0001:00005738       GetClipboardData
 0001:0001696C       GetClipboardFormats
 0001:00005468       GetClipBox
 0001:00000334       GetCmdShow
 0001:00032664       GetColor
 0001:00000254       GetCommandLine
 0001:000007E4       GetCommitted
 0001:00000874       GetCommittedAt
 0001:0002A5D0       GetControlAtPos
 0001:00005270       GetCPInfo
 0001:00005470       GetCurrentPositionEx
 0001:00005278       GetCurrentProcessId
 0001:000042B4       GetCurrentThreadId
 0001:00005280       GetCurrentThreadId
 0001:00005ABC       GetCurrentTime
 0001:00005740       GetCursor
 0001:00045930       GetCursorHeightMargin
 0001:00005748       GetCursorPos
 0001:00005750       GetDC
 0001:00005758       GetDCEx
 0001:00005478       GetDCOrgEx
 0001:0001A788       GetDefFontCharSet
 0001:00005760       GetDesktopWindow
 0001:00005490       GetDeviceCaps
 0001:00015EA4       GetDIB
 0001:00005480       GetDIBColorTable
 0001:00005488       GetDIBits
 0001:00015DEC       GetDIBSizes
 0001:000150B4       GetDInColors
 0001:00005288       GetDiskFreeSpaceA
 0002:000000FC       GetDiskFreeSpaceEx
 0001:00005768       GetDlgItem
 0001:000309C8       GetDockAlign
 0001:00024B08       GetDockSiteAtPos
 0001:00024DE8       GetDropCtl
 0001:00001E18       GetDynaMethod
 0001:00005498       GetEnhMetaFileBits
 0001:000054A0       GetEnhMetaFileHeader
 0001:000054A8       GetEnhMetaFilePaletteEntries
 0001:0000A4D8       GetEnumNameValue
 0001:0000A524       GetEnumValue
 0001:00007BB0       GetEraNamesAndYearOffsets
 0001:000084BC       GetExceptionClass
 0001:0000869C       GetExceptionObject
 0001:0000BE10       GetFieldClass
 0001:0000BCC8       GetFieldClassTable
 0001:0001694C       GetFileFormats
 0001:000001DC       GetFileSize
 0001:000001D4       GetFileType
 0001:00005770       GetFocus
 0001:00013898       GetFontData
 0001:00005778       GetForegroundWindow
 0001:00008CB8       GetFormatSettings
 0001:00012EEC       GetHashCode
 0001:00043778       GetHint
 0001:000437A8       GetHintControl
 0001:00039D60       GetHotkey
 0001:00005780       GetIconInfo
 0001:00005798       GetKeyboardLayout
 0001:000057A0       GetKeyboardLayoutList
 0001:000057A8       GetKeyboardState
 0001:00001AAC       GetKeyboardType
 0001:00005788       GetKeyNameText
 0001:00005790       GetKeyState
 0001:000057B0       GetLastActivePopup
 0001:00005290       GetLastError
 0001:0000025C       GetLastError
 0001:00007974       GetLocaleChar
 0001:00000264       GetLocaleInfo
 0001:00005298       GetLocaleInfo
 0001:00007928       GetLocaleStr
 0001:0002419C       GetLongHint
 0001:000057B8       GetMenu
 0001:00041278       GetMenuHelpContext
 0001:000057C0       GetMenuItemCount
 0001:000057C8       GetMenuItemID
 0001:000057D0       GetMenuItemInfo
 0001:0003703C       GetMenuSize
 0001:000057D8       GetMenuState
 0001:000057E0       GetMenuString
 0001:0000026C       GetModuleFileName
 0001:000052A0       GetModuleFileName
 0001:00005084       GetModuleFileName
 0001:000052A8       GetModuleHandle
 0001:00000274       GetModuleHandle
 0001:0000508C       GetModuleHandle
 0002:000026D4       GetMonitorInfo
 0002:000026CC       GetMonitorInfoA
 0002:000026D0       GetMonitorInfoW
 0001:000079D8       GetMonthDayNames
 0001:000057E8       GetNextWindow
 0001:000054B0       GetObject
 0001:000460FC       GetOpenFileName
 0001:0000A5A4       GetOrdProp
 0001:000054B8       GetPaletteEntries
 0001:000057F0       GetParent
 0001:0003C9B0       GetParentForm
 0001:000054C0       GetPixel
 0001:0000027C       GetProcAddress
 0001:000052B0       GetProcAddress
 0001:000057F8       GetProp
 0001:0000A538       GetPropInfo
 0001:0003CE70       GetRealScrollPosition
 0001:00032644       GetRGBColor
 0001:00046104       GetSaveFileName
 0001:00005800       GetScrollInfo
 0001:00005808       GetScrollPos
 0001:00005810       GetScrollRange
 0001:00024158       GetShortHint
 0001:0000053C       GetSpace
 0001:000005A0       GetSpaceAt
 0001:00034CD4       GetSpecialName
 0001:00000284       GetStartupInfo
 0001:000001E4       GetStdHandle
 0001:000054C8       GetStockObject
 0001:00005818       GetSubMenu
 0001:00005820       GetSysColor
 0001:000052B8       GetSystemInfo
 0001:00005828       GetSystemMenu
 0001:00005830       GetSystemMetrics
 0002:000026BC       GetSystemMetrics
 0001:000054D0       GetSystemPaletteEntries
 0001:000054D8       GetTextExtentPoint32
 0001:000054E0       GetTextMetrics
 0001:0000028C       GetThreadLocale
 0001:000052C0       GetThreadLocale
 0001:000052C8       GetTickCount
 0001:00043E9C       GetTopMostWindows
 0001:000242E8       GetTopParent
 0001:00005838       GetTopWindow
 0001:0000A4CC       GetTypeData
 0001:000052D0       GetVersion
 0001:000052D8       GetVersionEx
 0001:00005840       GetWindow
 0001:00005848       GetWindowDC
 0001:00005850       GetWindowLong
 0001:000054F0       GetWindowOrgEx
 0001:00005858       GetWindowPlacement
 0001:00005860       GetWindowRect
 0001:00005868       GetWindowText
 0001:00005870       GetWindowThreadProcessId
 0001:000054E8       GetWinMetaFileBits
 0001:000052E0       GlobalAddAtom
 0001:000052E8       GlobalAlloc
 0001:00005AC8       GlobalAllocPtr
 0001:000052F0       GlobalDeleteAtom
 0002:0000262C       GlobalFixupList
 0001:0000E990       GlobalFixupReferences
 0001:000052F8       GlobalFree
 0001:00005AF4       GlobalFreePtr
 0001:00005308       GlobalHandle
 0001:00005300       GlobalLock
 0002:00002614       GlobalNameSpace
 0001:00005310       GlobalReAlloc
 0001:00005AD8       GlobalReAllocPtr
 0001:00005318       GlobalUnlock
 0002:00000AF4       GlyphCache
 0001:0001AC50       Graphics
 0001:0000FBC4       HandleException
 0001:0001E918       HasPopup
 0002:00000004       HeapAllocFlags
 0002:00002430       heapErrorCode
 0002:00002434       heapLock
 0002:00002818       HelpMsg
 0002:000000F8       HexDisplayPrefix
 0002:000024D8       HInstance
 0002:000027E8       HintDoneEvent
 0001:00043878       HintGetMsgHook
 0002:000027EC       HintHook
 0001:0004381C       HintMouseThread
 0002:000027F0       HintThread
 0002:000027E4       HintThreadID
 0001:000437C8       HintTimerProc
 0002:000008B0       HintWindowClass
 0001:000438BC       HookHintHooks
 0001:00005B74       HwndMSWheel
 0002:00000844       IBreaks
 0002:00000850       IChecks
 0002:00000858       IDefaults
 0001:00013888       IdentToCharset
 0001:00013680       IdentToColor
 0001:00024148       IdentToCursor
 0001:0000C214       IdentToInt
 0002:00000860       IEnables
 0001:00037D3C       IfHotkeyAvailable
 0002:000028B0       IFKAdress
 0002:000028B8       IFKCount
 0001:00049AB8       IFKFound
 0002:000028B4       IFKOnline
 0002:000028BC       IFKOnlineIndex
 0002:000028D4       IFK_IDCODE
 0001:0001AFC4       ImageList_Add
 0001:0001AFE4       ImageList_AddIcon
 0001:0001B010       ImageList_BeginDrag
 0001:0001AFAC       ImageList_Create
 0001:0001AFB4       ImageList_Destroy
 0001:0001B020       ImageList_DragEnter
 0001:0001B028       ImageList_DragLeave
 0001:0001B030       ImageList_DragMove
 0001:0001B040       ImageList_DragShowNolock
 0001:0001AFF0       ImageList_Draw
 0001:0001B000       ImageList_DrawEx
 0001:0001B018       ImageList_EndDrag
 0001:0001AFDC       ImageList_GetBkColor
 0001:0001B048       ImageList_GetDragImage
 0001:0001B060       ImageList_GetIconSize
 0001:0001AFBC       ImageList_GetImageCount
 0001:0001B050       ImageList_Read
 0001:0001B008       ImageList_Remove
 0001:0001AFF8       ImageList_Replace
 0001:0001AFCC       ImageList_ReplaceIcon
 0001:0001AFD4       ImageList_SetBkColor
 0001:0001B038       ImageList_SetDragCursorImage
 0001:0001B068       ImageList_SetIconSize
 0001:0001B058       ImageList_Write
 0002:000007BC       Images
 0001:00033DB0       ImgList
 0001:0001B86C       Imm
 0002:00000798       IMM32DLL
 0001:0003144C       Imm32IsIME
 0001:00005878       InflateRect
 0001:00000A24       InitAllocator
 0001:0001B0A8       InitAnApi
 0002:000026E4       InitApis
 0001:0001AF18       InitComCtl
 0001:0004C508       InitCommonControl
 0001:0001AF10       InitCommonControls
 0001:0001AF78       InitCommonControlsEx
 0001:0000C420       InitComponent
 0002:000024A0       InitContext
 0001:000314D4       InitControls
 0001:0003C6A0       InitCtl3D
 0001:0004D054       InitDecompressor
 0001:0004E09C       InitDefaults
 0001:0001A7CC       InitDefFontData
 0001:00009114       InitDriveSpacePtr
 0001:00008778       InitExceptions
 0001:0001B98C       InitFlatSB
 0001:000498AC       InitGlobals
 0001:00015CA4       InitializeBitmapInfoHeader
 0001:00000378       InitializeCriticalSection
 0001:00005320       InitializeCriticalSection
 0002:0000242C       initialized
 0001:0001B964       InitializeFlatSB
 0001:00005140       InitializeModule
 0001:000310EC       InitIMM32
 0001:0000C4C8       InitInheritedComponent
 0001:0001B790       InitMultiMonStubs
 0001:000088B0       InitPlatformId
 0002:00002030       InitProc
 0001:0001A750       InitScreenLogPixels
 0001:00008C00       InitSysLocale
 0001:000050AC       InitThreadTLS
 0001:0000266C       InitUnits
 0001:00023EA0       InitWndProc
 0002:00000744       InnerStyles
 0001:000017B8       InOutError
 0002:0000204C       Input
 0001:000432A8       InsertBefore
 0001:000291C4       InsertBefore
 0001:00000E18       InsertFree
 0001:00037DF0       InsertHotkeyFarEastFormat
 0001:00005880       InsertMenu
 0001:00005888       InsertMenuItem
 0002:000027DC       InstBlockList
 0002:000027E0       InstFreeList
 0002:00002628       IntConstList
 0002:00000658       IntegralHeights
 0001:0000032C       InterlockedDecrement
 0001:00000324       InterlockedIncrement
 0001:00012E78       InternalDeletePalette
 0001:00000C8C       InternalFreeMem
 0001:00015DF4       InternalGetDIB
 0001:00015D88       InternalGetDIBSizes
 0001:0000C298       InternalReadComponentRes
 0001:000054F8       IntersectClipRect
 0001:00005890       IntersectRect
 0001:00049B50       intToBinary
 0001:00006DFC       IntToHex
 0001:0000C254       IntToIdent
 0001:00006D98       IntToStr
 0001:00006DC8       IntToStr
 0001:00005898       InvalidateRect
 0001:00014E24       InvalidBitmap
 0001:00014E0C       InvalidGraphic
 0001:00014E30       InvalidIcon
 0001:00014E3C       InvalidMetafile
 0001:00014DF4       InvalidOperation
 0001:0004CCF0       InvalidOperation
 0002:00002600       InvalidPointer
 0001:00001CD0       InvokeImplGetter
 0001:000017C4       IOResult
 0002:00000880       IOwnerDraw
 0002:00000868       IRadios
 0002:00000878       IRTL
 0001:0003C940       IsAccel
 0001:00038EB0       IsAccelChar
 0001:000248C0       IsBeforeTargetWindow
 0001:000058A0       IsChild
 0002:00002044       IsConsole
 0001:000089F0       IsDelimiter
 0001:00024D0C       IsDelphiHandle
 0001:000058A8       IsDialogMessage
 0002:00000870       ISeparators
 0001:0000A0B0       IsEqualIID
 0001:000058B0       IsIconic
 0001:00038F0C       IsInitialChar
 0002:00002024       IsLibrary
 0002:00002045       IsMultiThread
 0001:000089BC       IsPathDelimiter
 0001:000058B8       IsRectEmpty
 0001:00024AC4       IsSiteChildOfClient
 0001:00006D34       IsValidIdent
 0001:000058C0       IsWindow
 0001:000058C8       IsWindowEnabled
 0001:000058D0       IsWindowVisible
 0001:000058D8       IsZoomed
 0001:000350A0       Iterate
 0001:00035100       IterateMenus
 0001:0004CAB8       jconsts
 0002:0000000C       JITEnable
 0001:00060250       jpeg
 0002:00000B28       JPEGDefaults
 0001:0004CD08       JpegError
 0001:0004FD28       jpeg_calc_output_dimensions
 0001:0004E44C       jpeg_consume_input
 0001:0005A7C4       jpeg_CreateCompress
 0001:0004E0DC       jpeg_CreateDecompress
 0001:00059B18       jpeg_destroy
 0001:0004E1A4       jpeg_destroy_decompress
 0001:0005A8D4       jpeg_finish_compress
 0001:0004E560       jpeg_finish_decompress
 0001:0004FC10       jpeg_finish_output
 0001:0004E52C       jpeg_has_multiple_scans
 0001:0004E3E0       jpeg_read_header
 0001:0004FA74       jpeg_read_scanlines
 0001:00059FA0       jpeg_set_colorspace
 0001:00059E3C       jpeg_set_defaults
 0001:00059D78       jpeg_set_quality
 0001:0005A408       jpeg_simple_progression
 0001:0005A5EC       jpeg_start_compress
 0001:0004F8F0       jpeg_start_decompress
 0001:0004FBB0       jpeg_start_output
 0001:00059C3C       jpeg_stdio_dest
 0001:0004F884       jpeg_stdio_src
 0002:00000B30       jpeg_std_error
 0001:0005A658       jpeg_write_scanlines
 0001:0003C8F4       KeyboardStateToShiftState
 0001:0003C8B8       KeyDataToShiftState
 0001:0003C864       KeysToShiftState
 0001:000058E0       KillTimer
 0001:00006F8C       LastDelimiter
 0002:000000D8       LeadBytes
 0001:00000388       LeaveCriticalSection
 0001:00005328       LeaveCriticalSection
 0002:00000014       LibModuleList
 0001:00005500       LineTo
 0001:000257EC       ListAdd
 0001:00025814       ListRemove
 0002:000025F4       ListSeparator
 0001:000058E8       LoadBitmap
 0001:000058F0       LoadCursor
 0001:000058F8       LoadIcon
 0001:00005900       LoadKeyboardLayout
 0001:00005330       LoadLibrary
 0001:00000294       LoadLibraryEx
 0001:00005338       LoadResource
 0001:00003E24       LoadResourceModule
 0001:0000418C       LoadResString
 0001:00005908       LoadString
 0001:0000029C       LoadString
 0001:00005094       LocalAlloc
 0001:00000358       LocalAlloc
 0001:00000360       LocalFree
 0001:0000799C       LocalGetLocaleStr
 0001:00005340       LockResource
 0002:00002500       LongDateFormat
 0002:00002594       LongDayNames
 0002:00002548       LongMonthNames
 0002:00002514       LongTimeFormat
 0002:000028AC       LoopCounter
 0001:000053B0       lstrcpy
 0001:000002A4       lstrcpy
 0001:000002AC       lstrcpyn
 0001:000002B4       lstrlen
 0002:0000201C       MainInstance
 0002:00002020       MainThreadID
 0001:000003E8       MakeEmpty
 0001:00002738       MakeErrorMessage
 0002:00000784       MakeLast
 0001:00005AB0       MakeLong
 0001:0003C6CC       MakeObjectInstance
 0001:00005B08       MakeROP4
 0001:0000843C       MapException
 0001:00002488       MapToRunError
 0001:00005910       MapVirtualKey
 0001:00005918       MapWindowPoints
 0002:000007A4       Mask
 0001:00005508       MaskBlt
 0001:0001B8AC       Math
 0001:0001B874       Max
 0001:0003F1DC       MaximizedChildren
 0002:000028B1       MBKAdress
 0002:000028C8       MBKCount
 0001:00061E5C       MBKFound
 0002:000028C0       MBKOnline
 0002:000028CC       MBKOnlineIndex
 0002:000028C4       MBKOnlineNr
 0002:000028D0       MDK_IDCODE
 0002:0000001C       MemoryManager
 0002:000007D8       MenuKeyCaps
 0001:00039F30       Menus
 0001:00000438       MergeBlockAfter
 0001:00000EEC       MergeCommit
 0001:00005920       MessageBox
 0001:00000234       MessageBox
 0001:00005CD4       Messages
 0001:0000CB28       Min
 0001:00030900       Min
 0001:00028AF0       MinVar
 0002:000026EC       MMAvailable
 0002:0000079C       ModeMap
 0001:00040C84       ModifySystemMenu
 0001:00062018       modulbus
 0001:00060874       modulbus_adr_hw_lw_set
 0001:000606F0       modulbus_adr_rd
 0001:00060690       modulbus_adr_set
 0001:00060750       modulbus_adr_wr
 0001:000606D4       modulbus_rd
 0001:000606BC       modulbus_wr
 0002:000000A8       Module
 0002:000024CD       ModuleIsCpp
 0002:000024CC       ModuleIsLib
 0001:00011EE0       ModuleUnload
 0002:00000018       ModuleUnloadList
 0001:000607B0       MOD_CommStatusTest
 0001:00060B7C       MOD_Erase_FiFo
 0001:00060AA8       MOD_Erase_User_Flash
 0001:00060824       mod_rd_commstatus
 0002:000026C8       MonitorFromPoint
 0002:000026C4       MonitorFromRect
 0002:000026C0       MonitorFromWindow
 0002:00002748       Mouse
 0001:000017DC       Move
 0001:00005510       MoveToEx
 0001:00025834       MoveWindowOrg
 0001:00005348       MulDiv
 0001:000002BC       MultiByteToWideChar
 0002:00000660       MultiColumns
 0001:0001B82C       MultiMon
 0002:00000648       MultiSelects
 0002:000024F5       NegCurrFormat
 0001:00000F78       NewCommit
 0001:00000FA4       NewCommitAt
 0002:00000B0C       NewState
 0002:0000274C       NewStyleControls
 0002:000002C4       NilMethod
 0002:00000010       NoErrMsg
 0001:00035DCC       NormalDraw
 0001:00002040       NotifyAnyExcept
 0001:00002018       NotifyExcept
 0001:00002074       NotifyExceptFinally
 0001:0000C37C       NotifyGlobalLoading
 0001:000040B0       NotifyModuleUnload
 0001:00001FF8       NotifyNonDelphiException
 0001:0000202C       NotifyOnExcept
 0001:00001FDC       NotifyReRaise
 0001:0000209C       NotifyTerminate
 0001:000020B8       NotifyUnhandled
 0001:000388EC       NthParentOf
 0002:00002400       Null
 0001:00005928       OemToAnsi
 0001:00005930       OffsetRect
 0001:00003508       OleStrToStrVar
 0002:00000A0C       OpenOptions
 0002:0000077C       OrientArray
 0002:00000754       OuterStyles
 0002:000025FC       OutOfMemory
 0001:00014E48       OutOfResources
 0002:00002218       Output
 0001:0004CD80       OutputMessage
 0001:00021980       PaintListBox
 0002:00000598       Pal16
 0001:0001325C       PaletteChanged
 0001:00015634       PaletteFromDIBColorTable
 0001:000156D8       PaletteToDIBColorTable
 0002:00000594       PalSize
 0001:0002ECB8       ParentNotLast
 0001:00005518       PatBlt
 0002:000026A8       PatternManager
 0001:00049AB0       PCI_DriverClose
 0001:00049A80       PCI_DriverOpen
 0001:00049AA0       PCI_ErrorString
 0001:00049A88       PCI_IfkOnline
 0001:00049A90       PCI_IfkRead
 0001:00049A98       PCI_IfkWrite
 0001:00049A78       PCI_PCIcardCount
 0001:00049AA8       PCI_TimerWait
 0001:00005938       PeekMessage
 0002:0000269C       PenManager
 0002:0000055C       PenModes
 0002:0000053C       PenStyles
 0001:00005520       PlayEnhMetaFile
 0001:0000BC78       Point
 0001:00005B28       PointToSmallPoint
 0001:00005528       Polyline
 0002:000027C0       PopupList
 0001:00005940       PostMessage
 0001:00005948       PostQuitMessage
 0001:0001B928       Printers
 0001:0004222C       ProcessExecute
 0001:0003CB70       ProcessHorz
 0001:0004232C       ProcessUpdate
 0001:0003CBDC       ProcessVert
 0001:0004CF3C       ProgressCallback
 0001:0004C534       ProgressLimitError
 0001:000666A8       Project1
 0001:0000ECA0       PropertyNotFound
 0001:0000FCC4       PropPathError
 0002:00000908       Props
 0001:0000EC94       PropValueError
 0001:00005950       PtInRect
 0002:00002784       QualifyingSites
 0001:000083E4       RaiseAssertException
 0001:000001EC       RaiseException
 0001:00009030       RaiseLastWin32Error
 0001:00001738       RaiseList
 0002:00002040       RandSeed
 0001:0002F89C       ReadControlName
 0001:0000EC7C       ReadError
 0001:000001F4       ReadFile
 0001:00005350       ReadFile
 0001:00015984       ReadIcon
 0001:0000FF3C       ReadVariantProp
 0001:00005530       RealizePalette
 0001:0000F2EC       Recover
 0001:0000BC90       Rect
 0001:00005540       Rectangle
 0001:00005538       RectVisible
 0002:000023EC       RefAnyProc
 0001:000002C4       RegCloseKey
 0001:000051F8       RegCloseKey
 0001:00005958       RegisterClass
 0001:0000BEDC       RegisterClass
 0001:0000BFD8       RegisterClasses
 0001:00005960       RegisterClipboardFormat
 0001:00024C54       RegisterDockSite
 0001:0000C164       RegisterIntegerConsts
 0001:0000410C       RegisterModule
 0001:00005968       RegisterWindowMessage
 0001:00005200       RegOpenKeyEx
 0001:000002CC       RegOpenKeyEx
 0001:000002D4       RegQueryValueEx
 0001:00005208       RegQueryValueEx
 0001:0004604C       RegStr
 0001:00005970       ReleaseCapture
 0001:0004D030       ReleaseContext
 0001:00005978       ReleaseDC
 0002:00002484       remBytes
 0001:000004AC       RemoveBlock
 0001:0000EB4C       RemoveFixupReferences
 0001:0000EBF8       RemoveFixups
 0001:0000EED0       RemoveGlobalFixup
 0001:00005980       RemoveMenu
 0001:00004028       RemoveModuleUnloadProc
 0001:00004050       RemoveModuleUnloadProc
 0001:00005988       RemoveProp
 0001:0004CD88       ResetErrorMgr
 0001:00001424       ResizeInPlace
 0001:00005548       RestoreDC
 0001:0000C658       ReturnAddr
 0001:00034C78       ReturnAddr
 0001:0000D1F0       ReturnAddr
 0001:000153B4       RGBQuadToTriple
 0001:0001537C       RGBTripleToQuad
 0001:0004BDE4       RichEdit
 0001:00005550       RoundRect
 0002:00002480       rover
 0002:00000B10       RTFConversionFormat
 0001:000001FC       RtlUnwind
 0002:0000002C       runErrMsg
 0001:0000247C       RunErrorAt
 0001:000092D4       SafeLoadLibrary
 0001:00006C48       SameText
 0002:000028DC       Savedateiname
 0001:00005558       SaveDC
 0002:00002A30       SaveFileByte
 0002:000027D4       Screen
 0002:00002654       ScreenLogPixels
 0001:00005990       ScreenToClient
 0001:0003CD28       ScrollBarVisible
 0001:00005998       ScrollWindow
 0001:00000FD8       SearchSmallBlocks
 0001:00005560       SelectObject
 0001:00005568       SelectPalette
 0001:00023F74       SendAppMessage
 0001:0003C5B4       SendFocusMessage
 0001:000059A0       SendMessage
 0002:0000083C       Separators
 0001:000059A8       SetActiveWindow
 0001:000439BC       SetAnimation
 0001:00005570       SetBkColor
 0001:00005578       SetBkMode
 0001:00005580       SetBrushOrgEx
 0001:000059B0       SetCapture
 0001:00024208       SetCaptureControl
 0001:000059B8       SetClassLong
 0001:0000F45C       SetCompName
 0001:000059C0       SetCursor
 0001:00005588       SetDIBColorTable
 0001:00005358       SetEndOfFile
 0001:00000204       SetEndOfFile
 0001:00005590       SetEnhMetaFileBits
 0001:00005360       SetErrorMode
 0001:00005368       SetEvent
 0001:000025C4       SetExceptionHandler
 0001:00005370       SetFilePointer
 0001:0000020C       SetFilePointer
 0001:0000A828       SetFloatProp
 0001:000059C8       SetFocus
 0001:000059D0       SetForegroundWindow
 0001:00031370       SetImeMode
 0001:000017A8       SetInOutRes
 0001:0000A94C       SetInt64Prop
 0001:0000FEB4       SetIntIdent
 0001:0000A710       SetLongStrProp
 0001:000059D8       SetMenu
 0001:000059E0       SetMenuItemInfo
 0001:0000A914       SetMethodProp
 0001:0000FEFC       SetObjectIdent
 0001:0000A618       SetOrdProp
 0001:00005598       SetPixel
 0001:000059E8       SetProp
 0001:000059F0       SetRect
 0001:000055A0       SetROP2
 0001:000059F8       SetScrollInfo
 0001:00005A00       SetScrollPos
 0001:00005A08       SetScrollRange
 0001:0000A674       SetShortStrProp
 0001:0000A6C8       SetShortStrPropAsLongStr
 0001:000055A8       SetStretchBltMode
 0001:0000A7FC       SetStrProp
 0001:000055B0       SetTextColor
 0001:00005378       SetThreadLocale
 0001:00005A10       SetTimer
 0001:0000A8D4       SetVariantProp
 0001:000055B8       SetViewportOrgEx
 0001:00045640       SetVisible
 0001:0000A764       SetWideStrProp
 0001:0000A7A4       SetWideStrPropAsLongStr
 0001:00005A18       SetWindowLong
 0001:000055C8       SetWindowOrgEx
 0001:00005A20       SetWindowPlacement
 0001:00005A28       SetWindowPos
 0001:00005A38       SetWindowsHookEx
 0001:00005A30       SetWindowText
 0001:000055C0       SetWinMetaFileBits
 0002:00000110       ShareMode
 0001:00046014       ShellAPI
 0002:00002868       ShellModule
 0001:000460F4       ShlObj
 0001:00034C9C       ShortCut
 0002:000027C4       ShortCutItems
 0001:00034D28       ShortCutToText
 0002:000024FC       ShortDateFormat
 0002:00002578       ShortDayNames
 0002:00002518       ShortMonthNames
 0002:00002510       ShortTimeFormat
 0002:00000950       ShowCommands
 0002:0000095C       ShowCommands
 0002:00000944       ShowCommands
 0001:00005A40       ShowCursor
 0001:00008044       ShowException
 0002:0000073C       ShowFlags
 0002:000009E8       ShowFlags
 0001:0003C354       ShowMDIClientEdge
 0001:00005A48       ShowOwnedPopups
 0001:00005A50       ShowScrollBar
 0001:00005A58       ShowWindow
 0001:000439E4       ShowWinNoAnimate
 0002:00000790       SizeCursors
 0001:00005380       SizeofResource
 0001:0001097C       SkipBinary
 0001:00010928       SkipBytes
 0001:000109A4       SkipCollection
 0001:00010900       SkipList
 0001:00005388       Sleep
 0001:0000BC80       SmallPoint
 0001:00005B14       SmallPointToPoint
 0002:0000248C       smallTab
 0002:00000640       Sorteds
 0002:00000614       Sorts
 0002:00002454       spaceRoot
 0001:00021FF0       StdActns
 0001:00021E00       StdCtrls
 0001:0003C6A4       StdWndProc
 0002:0000265C       StockBrush
 0002:00002660       StockFont
 0002:00002664       StockIcon
 0002:00002658       StockPen
 0001:000072CC       StrAlloc
 0001:000072E0       StrBufSize
 0001:000089A4       StrByteType
 0001:000071D8       StrComp
 0001:00007138       StrCopy
 0001:00007318       StrDispose
 0001:00033714       StreamsEqual
 0001:000070E8       StrEnd
 0001:000055D0       StretchBlt
 0001:00007798       StrFmt
 0001:0000E00C       StringListAnsiCompare
 0001:0000352C       StringToOleStr
 0001:00039CC8       StripHotkey
 0001:00007160       StrLCopy
 0001:000070D0       StrLen
 0001:000077CC       StrLFmt
 0001:000071FC       StrLIComp
 0001:000070FC       StrMove
 0001:000072EC       StrNew
 0001:000072B8       StrPas
 0001:00007194       StrPCopy
 0001:000071B8       StrPLCopy
 0001:00007264       StrPos
 0001:00007244       StrScan
 0001:00006E38       StrToInt
 0001:00006E74       StrToIntDef
 0002:00000930       Styles
 0002:00000634       Styles
 0001:000002EC       SysAllocStringLen
 0001:00005F9C       SysConst
 0002:00000900       SysConsts
 0002:000008F8       SysConsts
 0001:000078DC       SysErrorMessage
 0001:00001280       SysFreeMem
 0001:000002FC       SysFreeString
 0001:000010F8       SysGetMem
 0001:000051F0       SysInit
 0002:000025B0       SysLocale
 0001:000015F4       SysReallocMem
 0001:000002F4       SysReAllocStringLen
 0001:00000304       SysStringLen
 0001:00004F8C       System
 0002:0000264C       SystemPalette16
 0001:0001559C       SystemPaletteOverride
 0001:00005A60       SystemParametersInfo
 0001:0000A030       SysUtils
 0002:00000668       TabStops
 0001:00031F18       TActionLink.IsCaptionLinked
 0001:00031F2C       TActionLink.IsCheckedLinked
 0001:00031F40       TActionLink.IsEnabledLinked
 0001:00031F54       TActionLink.IsHelpContextLinked
 0001:00031F68       TActionLink.IsHintLinked
 0001:00031F7C       TActionLink.IsImageIndexLinked
 0001:00031F90       TActionLink.IsShortCutLinked
 0001:00031FA4       TActionLink.IsVisibleLinked
 0001:00031FB8       TActionLink.SetCaption
 0001:00031FBC       TActionLink.SetChecked
 0001:00031FC0       TActionLink.SetEnabled
 0001:00031FC4       TActionLink.SetHelpContext
 0001:00031FC8       TActionLink.SetHint
 0001:00031FCC       TActionLink.SetImageIndex
 0001:00031FD0       TActionLink.SetShortCut
 0001:00031FD4       TActionLink.SetVisible
 0001:00045AD8       TApplication.ActivateHint
 0001:00044980       TApplication.BringToFront
 0001:000458F8       TApplication.CancelHint
 0001:00044060       TApplication.CheckIniChange
 0001:00043E3C       TApplication.ControlDestroyed
 0001:00043A24       TApplication.Create
 0001:00044D90       TApplication.CreateForm
 0001:00043C9C       TApplication.CreateHandle
 0001:00043BBC       TApplication.Destroy
 0001:00045E80       TApplication.DispatchAction
 0001:00045318       TApplication.DoActionIdle
 0001:0004537C       TApplication.DoMouseIdle
 0001:00043F0C       TApplication.DoNormalizeTopMosts
 0001:00045F10       TApplication.ExecuteAction
 0001:000447D4       TApplication.GetIconHandle
 0001:000449BC       TApplication.GetTitle
 0001:00044ED8       TApplication.HandleException
 0001:00044C7C       TApplication.HandleMessage
 0001:000452D0       TApplication.HelpCommand
 0001:000452C4       TApplication.HelpContext
 0001:000458BC       TApplication.HideHint
 0001:0004577C       TApplication.HintMouseMessage
 0001:00045888       TApplication.HintTimerExpired
 0001:00044CA0       TApplication.HookMainWindow
 0001:00045548       TApplication.IconChanged
 0001:00045400       TApplication.Idle
 0001:00044D78       TApplication.Initialize
 0001:00045198       TApplication.InvokeHelp
 0001:00044A04       TApplication.IsDlgMsg
 0001:00044B30       TApplication.IsHintMsg
 0001:00044A78       TApplication.IsKeyMsg
 0001:00044A28       TApplication.IsMDIMsg
 0001:00044B60       TApplication.IsShortCut
 0001:00044F68       TApplication.MessageBox
 0001:000447F0       TApplication.Minimize
 0001:00043FBC       TApplication.NormalizeAllTopMosts
 0001:00043FB4       TApplication.NormalizeTopMosts
 0001:0004550C       TApplication.NotifyForms
 0001:00044BCC       TApplication.ProcessMessage
 0001:00044C64       TApplication.ProcessMessages
 0001:00044890       TApplication.Restore
 0001:00043FC4       TApplication.RestoreTopMosts
 0001:00044E10       TApplication.Run
 0001:000455AC       TApplication.SetHint
 0001:000452D8       TApplication.SetShowHint
 0001:000450C0       TApplication.ShowException
 0001:00045724       TApplication.StartHintTimer
 0001:0004575C       TApplication.StopHintTimer
 0001:00044EC4       TApplication.Terminate
 0001:00044CFC       TApplication.UnhookMainWindow
 0001:00045F38       TApplication.UpdateAction
 0001:0004569C       TApplication.UpdateVisible
 0001:00044048       TApplication.UseRightToLeftAlignment
 0001:00044030       TApplication.UseRightToLeftReading
 0001:00044138       TApplication.WndProc
 0002:000008BC       TaskActiveWindow
 0002:000008C4       TaskFirstTopMost
 0002:000008C0       TaskFirstWindow
 0002:000008C8       TaskWindowList
 0001:000245E0       TBaseDragControlObject.Assign
 0001:000245BC       TBaseDragControlObject.Create
 0001:0002460C       TBaseDragControlObject.EndDrag
 0001:00024630       TBaseDragControlObject.Finished
 0001:00011938       TBasicAction.Change
 0001:00011810       TBasicAction.Create
 0001:00011854       TBasicAction.Destroy
 0001:000118AC       TBasicAction.Execute
 0001:000118A4       TBasicAction.ExecuteTarget
 0001:000118A0       TBasicAction.HandlesTarget
 0001:0001194C       TBasicAction.RegisterChanges
 0001:000118E4       TBasicAction.SetOnExecute
 0001:00011958       TBasicAction.UnRegisterChanges
 0001:000118C8       TBasicAction.Update
 0001:000118A8       TBasicAction.UpdateTarget
 0001:0001176C       TBasicActionLink.AssignClient
 0001:000117A4       TBasicActionLink.Change
 0001:00011728       TBasicActionLink.Create
 0001:00011770       TBasicActionLink.Destroy
 0001:000117BC       TBasicActionLink.Execute
 0001:000117F8       TBasicActionLink.IsOnExecuteLinked
 0001:000117CC       TBasicActionLink.SetAction
 0001:000117FC       TBasicActionLink.SetOnExecute
 0001:00011804       TBasicActionLink.Update
 0001:000189B8       TBitmap.Assign
 0001:00018B8C       TBitmap.Changed
 0001:00018B68       TBitmap.Changing
 0001:00018AA8       TBitmap.CopyImage
 0001:00018914       TBitmap.Create
 0001:0001897C       TBitmap.Destroy
 0001:000190A0       TBitmap.DIBNeeded
 0001:00018B98       TBitmap.Dormant
 0001:00018BB4       TBitmap.Draw
 0001:00019114       TBitmap.FreeContext
 0001:00018E04       TBitmap.FreeImage
 0001:00018E80       TBitmap.GetCanvas
 0001:00018E68       TBitmap.GetEmpty
 0001:00018EC0       TBitmap.GetHandle
 0001:00018EE4       TBitmap.GetHandleType
 0001:00018F10       TBitmap.GetHeight
 0001:00018F20       TBitmap.GetMaskHandle
 0001:00018F34       TBitmap.GetMonochrome
 0001:00018F50       TBitmap.GetPalette
 0001:00018F64       TBitmap.GetPixelFormat
 0001:00018FE8       TBitmap.GetScanline
 0001:00019050       TBitmap.GetTransparentColor
 0001:00019098       TBitmap.GetWidth
 0001:00019124       TBitmap.HandleNeeded
 0001:0001924C       TBitmap.LoadFromClipboardFormat
 0001:000192D0       TBitmap.LoadFromStream
 0001:00019134       TBitmap.MaskHandleNeeded
 0001:000192F4       TBitmap.NewImage
 0001:00019194       TBitmap.PaletteNeeded
 0001:000193F4       TBitmap.ReadData
 0001:0001941C       TBitmap.ReadDIB
 0001:0001992C       TBitmap.ReadStream
 0001:0001A1F8       TBitmap.SaveToClipboardFormat
 0001:0001A1F0       TBitmap.SaveToStream
 0001:0001999C       TBitmap.SetHandle
 0001:00019A60       TBitmap.SetHandleType
 0001:00019B98       TBitmap.SetHeight
 0001:00019BEC       TBitmap.SetMonochrome
 0001:00019C6C       TBitmap.SetPalette
 0001:00019D40       TBitmap.SetPixelFormat
 0001:00019EA8       TBitmap.SetTransparentColor
 0001:00019EF8       TBitmap.SetWidth
 0001:00019F4C       TBitmap.WriteData
 0001:00019F54       TBitmap.WriteStream
 0001:00017C80       TBitmapCanvas.Create
 0001:00017D88       TBitmapCanvas.CreateHandle
 0001:00017CBC       TBitmapCanvas.Destroy
 0001:00017CE8       TBitmapCanvas.FreeContext
 0001:00017E98       TBitmapImage.Destroy
 0001:00017EF4       TBitmapImage.FreeHandle
 0001:0000CAE0       TBits.Destroy
 0001:0000CB10       TBits.Error
 0001:0000CC04       TBits.GetBit
 0001:0000CC1C       TBits.OpenBit
 0001:0000CBD8       TBits.SetBit
 0001:0000CB34       TBits.SetSize
 0001:000141AC       TBrush.Assign
 0001:00014144       TBrush.Create
 0001:00014184       TBrush.Destroy
 0001:000142E8       TBrush.GetColor
 0001:00014254       TBrush.GetData
 0001:00014324       TBrush.GetHandle
 0001:00014404       TBrush.GetStyle
 0001:000142C4       TBrush.SetBitmap
 0001:000142F0       TBrush.SetColor
 0001:00014274       TBrush.SetData
 0001:0001440C       TBrush.SetStyle
 0001:00020670       TButton.Click
 0001:000207F8       TButton.CMDialogChar
 0001:00020788       TButton.CMDialogKey
 0001:0002087C       TButton.CMFocusChanged
 0001:00020774       TButton.CNCommand
 0001:0002060C       TButton.Create
 0001:00020720       TButton.CreateParams
 0001:0002075C       TButton.CreateWnd
 0001:00020698       TButton.SetButtonStyle
 0001:000206EC       TButton.SetDefault
 0001:00020694       TButton.UseRightToLeftAlignment
 0001:000208D0       TButton.WMEraseBkgnd
 0001:00020408       TButtonActionLink.AssignClient
 0001:0002042C       TButtonActionLink.IsCheckedLinked
 0001:00020464       TButtonActionLink.SetChecked
 0001:0002051C       TButtonControl.ActionChange
 0001:000204C8       TButtonControl.Create
 0001:00020564       TButtonControl.GetActionLinkClass
 0001:0002056C       TButtonControl.GetChecked
 0001:00020570       TButtonControl.IsCheckedStored
 0001:00020590       TButtonControl.SetChecked
 0001:00020594       TButtonControl.WndProc
 0001:0004AEB0       TButtonGlyph.CalcButtonLayout
 0001:0004A530       TButtonGlyph.Create
 0001:0004A738       TButtonGlyph.CreateButtonGlyph
 0001:0004A5C4       TButtonGlyph.Destroy
 0001:0004B1C0       TButtonGlyph.Draw
 0001:0004AD10       TButtonGlyph.DrawButtonGlyph
 0001:0004ADCC       TButtonGlyph.DrawButtonText
 0001:0004A668       TButtonGlyph.GlyphChanged
 0001:0004A620       TButtonGlyph.Invalidate
 0001:0004A698       TButtonGlyph.SetGlyph
 0001:0004A710       TButtonGlyph.SetNumGlyphs
 0001:00014DD4       TCanvas.BrushChanged
 0001:00014CA8       TCanvas.Changed
 0001:00014C94       TCanvas.Changing
 0001:00014560       TCanvas.CopyRect
 0001:00014440       TCanvas.Create
 0001:00014D18       TCanvas.CreateBrush
 0001:00014CBC       TCanvas.CreateFont
 0001:00014BC8       TCanvas.CreateHandle
 0001:00014CE8       TCanvas.CreatePen
 0001:00014B6C       TCanvas.DeselectHandles
 0001:00014504       TCanvas.Destroy
 0001:000145E8       TCanvas.Draw
 0001:00014694       TCanvas.Ellipse
 0001:000146DC       TCanvas.FillRect
 0001:00014D94       TCanvas.FontChanged
 0001:000148B0       TCanvas.GetCanvasOrientation
 0001:00014B4C       TCanvas.GetHandle
 0001:00014A94       TCanvas.GetPenPos
 0001:00014AD8       TCanvas.GetPixel
 0001:00014718       TCanvas.LineTo
 0001:00014750       TCanvas.Lock
 0001:00014778       TCanvas.MoveTo
 0001:00014DB4       TCanvas.PenChanged
 0001:000147A4       TCanvas.Polyline
 0001:000147DC       TCanvas.Rectangle
 0001:00014C20       TCanvas.RequiredState
 0001:00014824       TCanvas.RoundRect
 0001:00014A88       TCanvas.SetBrush
 0001:00014A6C       TCanvas.SetFont
 0001:00014BCC       TCanvas.SetHandle
 0001:00014A7C       TCanvas.SetPen
 0001:00014AB8       TCanvas.SetPenPos
 0001:00014B04       TCanvas.SetPixel
 0001:00014874       TCanvas.StretchDraw
 0001:00014968       TCanvas.TextExtent
 0001:000149C8       TCanvas.TextHeight
 0001:000148DC       TCanvas.TextOut
 0001:000149AC       TCanvas.TextWidth
 0001:000149E8       TCanvas.TryLock
 0001:00014A44       TCanvas.Unlock
 0001:00033D68       TChangeLink.Change
 0001:00033D34       TChangeLink.Destroy
 0001:0001689C       TClipboardFormats.Add
 0001:000167F0       TClipboardFormats.Create
 0001:00016870       TClipboardFormats.Destroy
 0001:00016904       TClipboardFormats.Remove
 0001:0000CE64       TCollection.Add
 0001:0000CE70       TCollection.Clear
 0001:0001F1D8       TComboBoxStrings.Add
 0001:0001F2FC       TComboBoxStrings.Clear
 0001:0001F2DC       TComboBoxStrings.Delete
 0001:0001F0F8       TComboBoxStrings.Get
 0001:0001F0DC       TComboBoxStrings.GetCount
 0001:0001F13C       TComboBoxStrings.GetObject
 0001:0001F3A0       TComboBoxStrings.IndexOf
 0001:0001F25C       TComboBoxStrings.Insert
 0001:0001F1B4       TComboBoxStrings.PutObject
 0001:0001F36C       TComboBoxStrings.SetUpdateState
 0001:00048C74       TCommonDialog.Create
 0001:00048D18       TCommonDialog.DefaultHandler
 0001:00048CBC       TCommonDialog.Destroy
 0001:00048EB0       TCommonDialog.DoClose
 0001:00048EC4       TCommonDialog.DoShow
 0001:00048D50       TCommonDialog.MainWndProc
 0001:00048CF0       TCommonDialog.MessageHook
 0001:00048DEC       TCommonDialog.TaskModalDialog
 0001:00048DA4       TCommonDialog.WMDestroy
 0001:00048DC0       TCommonDialog.WMInitDialog
 0001:00048DD8       TCommonDialog.WMNCDestroy
 0001:00048D9C       TCommonDialog.WndProc
 0001:00011020       TComponent.BeforeDestruction
 0001:0001153C       TComponent.ChangeName
 0001:00010F4C       TComponent.Create
 0001:000112D4       TComponent.DefineProperties
 0001:00010F98       TComponent.Destroy
 0001:000111A4       TComponent.DestroyComponents
 0001:000111FC       TComponent.Destroying
 0001:00011678       TComponent.ExecuteAction
 0001:00011460       TComponent.FindComponent
 0001:0001102C       TComponent.FreeNotification
 0001:00011368       TComponent.GetChildOwner
 0001:0001136C       TComponent.GetChildParent
 0001:00011360       TComponent.GetChildren
 0001:00011550       TComponent.GetComponent
 0001:0001157C       TComponent.GetComponentCount
 0001:00011370       TComponent.GetNamePath
 0001:00011384       TComponent.GetOwner
 0001:0001138C       TComponent.GetParentComponent
 0001:0001135C       TComponent.HasParent
 0001:000110C0       TComponent.Insert
 0001:00011114       TComponent.InsertComponent
 0001:000113AC       TComponent.Loaded
 0001:00011278       TComponent.Notification
 0001:000116E8       TComponent.QueryInterface
 0001:00011080       TComponent.ReadLeft
 0001:000113B8       TComponent.ReadState
 0001:00011094       TComponent.ReadTop
 0001:000110EC       TComponent.Remove
 0001:0001116C       TComponent.RemoveComponent
 0001:0001125C       TComponent.RemoveFreeNotification
 0001:00011238       TComponent.RemoveNotification
 0001:000116C8       TComponent.SafeCallException
 0001:00011388       TComponent.SetChildOrder
 0001:0001158C       TComponent.SetComponentIndex
 0001:000115E0       TComponent.SetDesigning
 0001:000114B0       TComponent.SetName
 0001:00011390       TComponent.SetParentComponent
 0001:00011630       TComponent.SetReference
 0001:000116A0       TComponent.UpdateAction
 0001:000113A0       TComponent.Updated
 0001:000116E0       TComponent.UpdateRegistry
 0001:00011394       TComponent.Updating
 0001:00011448       TComponent.ValidateContainer
 0001:0001145C       TComponent.ValidateInsert
 0001:000113C8       TComponent.ValidateRename
 0001:000110A8       TComponent.WriteLeft
 0001:000113C0       TComponent.WriteState
 0001:000110B4       TComponent.WriteTop
 0001:00031A00       TContainedAction.Destroy
 0001:00031B6C       TContainedAction.Execute
 0001:00031A34       TContainedAction.GetIndex
 0001:00031A50       TContainedAction.GetParentComponent
 0001:00031A60       TContainedAction.HasParent
 0001:00031A4C       TContainedAction.IsCategoryStored
 0001:00031A70       TContainedAction.ReadState
 0001:00031B18       TContainedAction.SetActionList
 0001:00031AEC       TContainedAction.SetCategory
 0001:00031AA4       TContainedAction.SetIndex
 0001:00031B40       TContainedAction.SetParentComponent
 0001:00031BC4       TContainedAction.Update
 0001:00028850       TControl.ActionChange
 0001:00028C10       TControl.AdjustSize
 0001:00028A48       TControl.AssignTo
 0001:0002736C       TControl.BeginAutoDrag
 0001:00027384       TControl.BeginDrag
 0001:00026F84       TControl.BringToFront
 0001:00027D18       TControl.CalcDockSizes
 0001:00027B10       TControl.CanAutoSize
 0001:00027B14       TControl.CanResize
 0001:000269AC       TControl.Changed
 0001:000269BC       TControl.ChangeScale
 0001:000281B8       TControl.CheckNewSize
 0001:00027FF0       TControl.Click
 0001:000268B8       TControl.ClientToScreen
 0001:0002860C       TControl.CMBiDiModeChanged
 0001:000285B4       TControl.CMColorChanged
 0001:000286D4       TControl.CMDesignHitTest
 0001:000285A4       TControl.CMEnabledChanged
 0001:000287F0       TControl.CMFloat
 0001:000285AC       TControl.CMFontChanged
 0001:00028C98       TControl.CMHintShow
 0001:0002869C       TControl.CMHitTest
 0001:000286A4       TControl.CMMouseEnter
 0001:000286BC       TControl.CMMouseLeave
 0001:000285EC       TControl.CMParentBiDiModeChanged
 0001:000285BC       TControl.CMParentColorChanged
 0001:0002864C       TControl.CMParentFontChanged
 0001:00028624       TControl.CMParentShowHintChanged
 0001:0002867C       TControl.CMSysFontChanged
 0001:0002857C       TControl.CMVisibleChanged
 0001:00027BE0       TControl.ConstrainedResize
 0001:00025F44       TControl.Create
 0001:000286DC       TControl.CreateFloatingDockSite
 0001:0002805C       TControl.DblClick
 0001:0002763C       TControl.DefaultDockImage
 0001:00027EC8       TControl.DefaultHandler
 0001:00027FA0       TControl.DefineProperties
 0001:00026014       TControl.Destroy
 0001:00028944       TControl.DoActionChange
 0001:00027B44       TControl.DoCanAutoSize
 0001:00027BB0       TControl.DoCanResize
 0001:000265E4       TControl.Dock
 0001:000275DC       TControl.DockTrackNoTarget
 0001:00027C10       TControl.DoConstrainedResize
 0001:00027B04       TControl.DoConstraintsChange
 0001:00028DD8       TControl.DoContextPopup
 0001:000266F0       TControl.DoDock
 0001:0002778C       TControl.DoDragMsg
 0001:000275F0       TControl.DoEndDock
 0001:000274E0       TControl.DoEndDrag
 0001:000280B4       TControl.DoMouseDown
 0001:00028398       TControl.DoMouseUp
 0001:0002761C       TControl.DoStartDock
 0001:000274C0       TControl.DoStartDrag
 0001:00027448       TControl.DragCanceled
 0001:00027494       TControl.DragDrop
 0001:0002744C       TControl.Dragging
 0001:00027458       TControl.DragOver
 0001:0002776C       TControl.DrawDragDockImage
[...]
 0002:00002894       Form6
 0002:00002898       .2
 0002:0000289C       Form7
 0002:000028A0       .2
 0002:000028A4       Form2
 0002:000028A8       FID
 0002:000028AC       LoopCounter
 0002:000028B0       IFKAdress
 0002:000028B1       MBKAdress
 0002:000028B4       IFKOnline
 0002:000028B8       IFKCount
 0002:000028BC       IFKOnlineIndex
 0002:000028C0       MBKOnline
 0002:000028C4       MBKOnlineNr
 0002:000028C8       MBKCount
 0002:000028CC       MBKOnlineIndex
 0002:000028D0       MDK_IDCODE
 0002:000028D4       IFK_IDCODE
 0002:000028D8       dateiname
 0002:000028DC       Savedateiname
 0002:000028E0       buffer
 0002:000028E4       FileByte
 0002:00002A30       SaveFileByte
 0002:00002B7C       ConfigFileSize
 0002:00002B80       AuswahlKickerKarte
 0002:00002B84       .2
 0002:00002B88       Form1
 0002:00002B8C       .2


Line numbers for SysConst(sysconst.pas) segment .text

   121 0001:00005F9C   121 0001:00005FA3

Line numbers for Consts(Consts.pas) segment .text

   351 0001:0000A498   351 0001:0000A49F

Line numbers for UnitMil(UnitMil.pas) segment .text

   138 0001:00049A78   140 0001:00049A80   144 0001:00049A88   149 0001:00049A90
   154 0001:00049A98   165 0001:00049AA0   169 0001:00049AA8   184 0001:00049AB0
   316 0001:00049AB8   317 0001:00049AD8   318 0001:00049ADD   319 0001:00049AE4
   324 0001:00049AE9   325 0001:00049B00   326 0001:00049B04   327 0001:00049B09
   333 0001:00049B25   322 0001:00049B26   335 0001:00049B4B   343 0001:00049B50
   344 0001:00049B5B   345 0001:00049B67   346 0001:00049B76   347 0001:00049B7F
   348 0001:00049B87   350 0001:00049BA0   352 0001:00049BB7   345 0001:00049BB8
   352 0001:00049BBE   354 0001:00049BF4   354 0001:00049BFB

Line numbers for ComStrs(ComStrs.pas) segment .text

    60 0001:0004BE54    60 0001:0004BE5B

Line numbers for jconsts(jconsts.pas) segment .text

    21 0001:0004CAB8    21 0001:0004CABF

Line numbers for Unit5(Unit5.pas) segment .text

    34 0001:000604F8    35 0001:00060502    42 0001:00060504    43 0001:0006051C
    45 0001:00060529    46 0001:00060532    47 0001:00060540    49 0001:0006054E
    50 0001:0006055E    53 0001:00060597    56 0001:000605CC    64 0001:000605DA
    65 0001:000605ED    67 0001:00060617    69 0001:00060688    69 0001:0006068F

Line numbers for modulbus(modulbus.pas) segment .text

   123 0001:00060690   124 0001:00060694   125 0001:00060697   127 0001:0006069A
   128 0001:000606B6   134 0001:000606BC   135 0001:000606D1   142 0001:000606D4
   143 0001:000606EC   150 0001:000606F0   151 0001:00060704   152 0001:0006070E
   153 0001:0006071B   155 0001:0006072E   157 0001:00060745   163 0001:00060750
   164 0001:00060763   165 0001:0006076D   166 0001:0006077A   168 0001:0006078E
   170 0001:000607A6   182 0001:000607B0   183 0001:000607B6   184 0001:000607BC
   185 0001:000607C2   186 0001:000607EE   188 0001:0006080E   189 0001:0006081C
   190 0001:0006081E   198 0001:00060824   199 0001:00060825   200 0001:0006082A
   201 0001:00060854   202 0001:00060871   216 0001:00060874   217 0001:00060878
   222 0001:0006087B   223 0001:000608A3   225 0001:000608BF   226 0001:000608CD
   227 0001:000608E5   228 0001:000608E7   232 0001:000608EA   233 0001:00060913
   235 0001:00060930   236 0001:0006093E   237 0001:00060956   238 0001:00060958
   244 0001:0006095B   245 0001:00060983   247 0001:0006099F   248 0001:000609AD
   249 0001:000609C5   250 0001:000609C7   254 0001:000609CA   255 0001:000609F3
   257 0001:00060A10   258 0001:00060A1E   259 0001:00060A36   260 0001:00060A38
   263 0001:00060A3B   264 0001:00060A3D   274 0001:00060AA8   275 0001:00060AAA
   276 0001:00060AAF   279 0001:00060AB1   282 0001:00060ABD   283 0001:00060AE9
   288 0001:00060B09   289 0001:00060B0A   291 0001:00060B20   292 0001:00060B2C
   293 0001:00060B44   295 0001:00060B49   296 0001:00060B4B   304 0001:00060B7C
   305 0001:00060B7E   306 0001:00060B83   308 0001:00060B85   309 0001:00060BB1
   312 0001:00060BD1   313 0001:00060BD2   315 0001:00060BE8   316 0001:00060BF4
   317 0001:00060C0C   319 0001:00060C11   320 0001:00060C13   388 0001:00060C40
   391 0001:00060C69   393 0001:00060C6E   394 0001:00060C73   396 0001:00060C75
   397 0001:00060C8D   399 0001:00060C9E   400 0001:00060CB2   401 0001:00060CCC
   402 0001:00060CD8   403 0001:00060CF6   404 0001:00060D0A   408 0001:00060D19
   412 0001:00060D25   413 0001:00060D35   414 0001:00060D3D   415 0001:00060D6F
   416 0001:00060D71   417 0001:00060D7D   424 0001:00060D82   427 0001:00060D8A
   428 0001:00060D99   429 0001:00060DA1   431 0001:00060DD3   432 0001:00060DD5
   433 0001:00060DE1   437 0001:00060DE6   438 0001:00060E11   440 0001:00060E30
   444 0001:00060E32   445 0001:00060E41   447 0001:00060E47   449 0001:00060E57
   450 0001:00060E66   451 0001:00060E6E   454 0001:00060E72   455 0001:00060E9D
   457 0001:00060EBC   458 0001:00060EBD   460 0001:00060EC0   463 0001:00060EDB
   464 0001:00060EF9   465 0001:00060F01   467 0001:00060F4B   468 0001:00060F4D
   469 0001:00060F59   473 0001:00060F5E   474 0001:00060F89   476 0001:00060FA8
   478 0001:00060FAA   479 0001:00060FAB   480 0001:00060FC3   484 0001:00060FD8
   485 0001:00060FDF   486 0001:00060FF2   487 0001:00060FF4   488 0001:00061000
   494 0001:00061005   495 0001:0006100C   498 0001:00061013   499 0001:0006103A
   500 0001:00061054   501 0001:00061072   502 0001:0006108C   504 0001:0006109B
   506 0001:000610B6   508 0001:000610BE   509 0001:000610C6   510 0001:000610C8
   511 0001:000610D4   514 0001:000610D9   515 0001:000610ED   516 0001:000610FC
   421 0001:00061108   520 0001:0006111C   521 0001:00061128   523 0001:0006112A
   524 0001:00061155   525 0001:00061174   526 0001:000611A2   551 0001:000612B4
   552 0001:000612E8   553 0001:000612EE   554 0001:000612F3   555 0001:000612F8
   556 0001:000612FD   559 0001:00061302   560 0001:0006131A   561 0001:0006132B
   562 0001:00061342   563 0001:00061356   564 0001:00061370   565 0001:0006137C
   566 0001:0006139A   567 0001:000613AE   571 0001:000613BD   575 0001:000613CE
   576 0001:000613D0   579 0001:000613D2   580 0001:000613E1   581 0001:000613E9
   583 0001:0006141B   584 0001:0006141D   585 0001:00061429   589 0001:0006142E
   592 0001:00061436   593 0001:00061461   597 0001:00061480   598 0001:00061481
   599 0001:00061499   601 0001:000614AE   602 0001:000614B5   603 0001:000614C8
   604 0001:000614CA   605 0001:000614D6   611 0001:000614DB   612 0001:000614E9
   613 0001:00061513   615 0001:00061533   616 0001:00061546   617 0001:00061548
   618 0001:00061554   623 0001:00061559   624 0001:00061568   627 0001:0006156E
   628 0001:0006157E   629 0001:0006158F   631 0001:00061593   633 0001:00061599
   635 0001:000615A6   637 0001:000615A7   639 0001:000615AB   641 0001:000615D4
   644 0001:000615DB   645 0001:000615F9   646 0001:0006162B   647 0001:0006162D
   648 0001:00061639   651 0001:0006163E   654 0001:00061645   655 0001:0006166C
   656 0001:00061686   657 0001:000616A4   658 0001:000616BE   660 0001:000616CD
   662 0001:000616E8   664 0001:000616F0   665 0001:000616F8   666 0001:000616FA
   667 0001:00061706   670 0001:0006170B   671 0001:00061720   672 0001:0006172F
   574 0001:0006173B   677 0001:0006174F   678 0001:00061755   679 0001:00061757
   682 0001:00061765   683 0001:00061795   684 0001:00061797   686 0001:000617C7
   713 0001:00061938   714 0001:0006195A   715 0001:00061960   717 0001:00061965
   718 0001:0006196A   719 0001:0006196C   721 0001:00061970   722 0001:00061983
   725 0001:0006198A   726 0001:000619A2   727 0001:000619B3   728 0001:000619CA
   729 0001:000619DE   730 0001:000619F3   731 0001:000619FF   732 0001:00061A1D
   734 0001:00061A2C   736 0001:00061A35   737 0001:00061A37   740 0001:00061A39
   741 0001:00061A48   742 0001:00061A50   744 0001:00061A82   745 0001:00061A86
   746 0001:00061A92   750 0001:00061A97   753 0001:00061A9F   754 0001:00061ACA
   758 0001:00061AE9   759 0001:00061AEA   760 0001:00061B02   762 0001:00061B17
   763 0001:00061B1E   764 0001:00061B31   765 0001:00061B35   766 0001:00061B41
   772 0001:00061B46   773 0001:00061B54   774 0001:00061B7E   776 0001:00061B9E
   777 0001:00061BB1   778 0001:00061BB5   779 0001:00061BC1   782 0001:00061BC6
   784 0001:00061BCE   785 0001:00061BE0   787 0001:00061BF2   789 0001:00061BF3
   791 0001:00061BF6   793 0001:00061C14   796 0001:00061C1B   799 0001:00061C29
   800 0001:00061C35   803 0001:00061C3A   806 0001:00061C41   807 0001:00061C58
   808 0001:00061C72   809 0001:00061C90   810 0001:00061CAA   812 0001:00061CB9
   814 0001:00061CD4   816 0001:00061CDC   817 0001:00061CE4   818 0001:00061CF0
   821 0001:00061CF2   822 0001:00061D06   823 0001:00061D15   734 0001:00061D21
   828 0001:00061D2A   829 0001:00061D5B   840 0001:00061E5C   841 0001:00061E8C
   842 0001:00061E8E   844 0001:00061E94   845 0001:00061E99   848 0001:00061EA0
   849 0001:00061EB8   850 0001:00061EC2   851 0001:00061ECB   853 0001:00061EEA
   854 0001:00061F4F   855 0001:00061F6A   858 0001:00061F6F   859 0001:00061F74
   860 0001:00061F75   861 0001:00061FA1   864 0001:00062018   864 0001:0006201F

Line numbers for Unit3(Unit3.pas) segment .text

    49 0001:000622F4    50 0001:000622FE    56 0001:00062300    57 0001:00062305
    58 0001:0006230E    59 0001:0006231C    61 0001:0006232A    62 0001:0006233A
    65 0001:00062373    68 0001:000623A8    72 0001:000623B6    74 0001:000623C5
   105 0001:000623D4   111 0001:000623D8   113 0001:000623F7   116 0001:00062403
   118 0001:00062413   119 0001:00062426   120 0001:0006243B   122 0001:0006245A
   123 0001:0006246D   124 0001:00062482   125 0001:00062491   128 0001:0006249A
   129 0001:000624A8   131 0001:000624E7   133 0001:00062529   137 0001:0006255C
   138 0001:00062574   140 0001:0006258C   141 0001:0006259A   143 0001:000625DC
   145 0001:00062619   150 0001:00062644   152 0001:00062663   153 0001:0006266F
   156 0001:0006267B   158 0001:00062693   159 0001:000626A6   160 0001:000626BB
   162 0001:000626DA   163 0001:000626ED   164 0001:00062702   165 0001:00062711
   168 0001:0006271A   169 0001:00062728   171 0001:00062767   173 0001:000627A9
   177 0001:000627DC   178 0001:000627F4   180 0001:0006280C   181 0001:0006281A
   183 0001:0006285C   185 0001:00062899   187 0001:000628F4   187 0001:000628FB

Line numbers for Unit4(Unit4.pas) segment .text

    77 0001:00062D48    78 0001:00062D4D    79 0001:00062D56    80 0001:00062D64
    82 0001:00062D72    83 0001:00062D82    86 0001:00062DBB    89 0001:00062DF0
    92 0001:00062DFE    94 0001:00062E05    97 0001:00062E0C    98 0001:00062E12
    99 0001:00062E24   100 0001:00062E36   102 0001:00062E48   103 0001:00062E60
   104 0001:00062E78   105 0001:00062E90   106 0001:00062EA8   107 0001:00062EC0
   108 0001:00062ED8   109 0001:00062EF0   110 0001:00062F08   111 0001:00062F20
   112 0001:00062F38   113 0001:00062F50   114 0001:00062F68   115 0001:00062F80
   116 0001:00062F98   117 0001:00062FB0   118 0001:00062FC8   128 0001:00062FD8
   129 0001:00062FF6   130 0001:00062FFC   132 0001:00063001   134 0001:00063006
   136 0001:00063024   137 0001:0006302E   138 0001:0006303C   139 0001:0006304C
   140 0001:0006306D   142 0001:00063089   143 0001:000630AB   145 0001:000630C3
   146 0001:000630E6   148 0001:000630FE   149 0001:00063121   151 0001:00063139
   152 0001:0006315C   154 0001:00063174   155 0001:00063197   157 0001:000631AF
   158 0001:000631D2   160 0001:000631EA   161 0001:0006320D   163 0001:00063225
   164 0001:00063248   166 0001:00063260   167 0001:00063283   169 0001:0006329B
   170 0001:000632BE   172 0001:000632D6   173 0001:000632F9   175 0001:00063311
   176 0001:00063334   178 0001:0006334C   179 0001:0006336F   181 0001:00063387
   182 0001:000633AA   184 0001:000633C2   185 0001:000633E5   187 0001:000633FD
   188 0001:00063420   191 0001:0006343A   192 0001:00063474   197 0001:000634AC
   198 0001:000634B6   200 0001:000634E8   200 0001:000634EF

Line numbers for Unit6(Unit6.pas) segment .text

    36 0001:000636E4    37 0001:000636EE    39 0001:00063720    39 0001:00063727

Line numbers for Unit7(Unit7.pas) segment .text

    47 0001:0006398C    48 0001:000639A8    49 0001:000639B7    50 0001:000639BF
    54 0001:000639C3    55 0001:000639D4    57 0001:000639F0    53 0001:000639F1
    60 0001:00063A06    61 0001:00063A12    63 0001:00063A1C    64 0001:00063A58
    65 0001:00063A75    66 0001:00063AA1    72 0001:00063AF4    73 0001:00063B0C
    74 0001:00063B15    75 0001:00063B23    77 0001:00063B31    78 0001:00063B41
    81 0001:00063B7A    84 0001:00063BAF    88 0001:00063BBD    89 0001:00063BDF
    90 0001:00063BF5    92 0001:00063C0D    93 0001:00063C3E   111 0001:00063C44
   113 0001:00063C68   115 0001:00063C6A   116 0001:00063C6F   118 0001:00063C71
   119 0001:00063C80   122 0001:00063C88   123 0001:00063C94   126 0001:00063CAA
   127 0001:00063CBA   130 0001:00063CDC   131 0001:00063CE9   133 0001:00063D1A
   134 0001:00063D3F   136 0001:00063D64   137 0001:00063D6F   138 0001:00063D7A
   139 0001:00063D84   142 0001:00063D8C   143 0001:00063D98   144 0001:00063D99
   149 0001:00063E2C   150 0001:00063E43   151 0001:00063E5F   153 0001:00063E60
   130 0001:00063E61   155 0001:00063E6E   156 0001:00063E7A   157 0001:00063E84
   158 0001:00063E8B   159 0001:00063EC9   163 0001:00063F20   164 0001:00063F24
   165 0001:00063F51   168 0001:00063F54   169 0001:00063F58   170 0001:00063F82
   172 0001:00063FB8   172 0001:00063FBF

Line numbers for Unit2(Unit2.pas) segment .text

   111 0001:000644B8   112 0001:000644BB   113 0001:000644CD   114 0001:000644E5
   116 0001:000644F3   117 0001:0006450B   119 0001:00064517   124 0001:0006451C
   125 0001:00064534   126 0001:00064540   131 0001:00064544   132 0001:0006455C
   133 0001:00064568   139 0001:0006456C   140 0001:00064576   141 0001:00064582
   148 0001:00064584   149 0001:000645A7   150 0001:000645B1   151 0001:000645BF
   153 0001:000645CD   154 0001:000645E1   157 0001:0006461C   160 0001:00064653
   164 0001:00064662   165 0001:00064669   167 0001:00064670   168 0001:00064681
   169 0001:00064692   170 0001:000646A3   171 0001:000646B1   173 0001:000646C2
   175 0001:000646C4   176 0001:000646D0   177 0001:000646DF   178 0001:000646E0
   180 0001:000646E8   181 0001:000646F9   182 0001:0006470A   183 0001:0006471B
   184 0001:0006472C   185 0001:0006473D   186 0001:0006474E   187 0001:0006475F
   188 0001:00064770   189 0001:00064781   190 0001:00064792   191 0001:000647A3
   192 0001:000647B4   194 0001:000647C5   195 0001:000647D9   196 0001:000647ED
   197 0001:00064801   198 0001:00064815   202 0001:00064829   204 0001:00064830
   205 0001:0006484E   208 0001:00064855   211 0001:00064864   212 0001:00064872
   213 0001:0006489E   215 0001:000648B4   220 0001:000648C0   223 0001:000648D5
   224 0001:000648DE   225 0001:000648EC   226 0001:00064918   228 0001:0006492E
   230 0001:0006493C   262 0001:00064943   263 0001:00064968   264 0001:000649AD
   269 0001:00064BB4   270 0001:00064BCC   271 0001:00064BD8   277 0001:00064BDC
   279 0001:00064BF4   280 0001:00064BFE   281 0001:00064C0A   288 0001:00064C0C
   291 0001:00064C1A   292 0001:00064C26   297 0001:00064C28   298 0001:00064C3E
   299 0001:00064C51   300 0001:00064C6C   302 0001:00064C7C   304 0001:00064C8B
   305 0001:00064C94   306 0001:00064CAA   307 0001:00064CC1   311 0001:00064CD7
   312 0001:00064CED   314 0001:00064D14   319 0001:00064D4C   320 0001:00064D57
   327 0001:00064D58   329 0001:00064D74   330 0001:00064DA6   331 0001:00064DC5
   332 0001:00064DD2   335 0001:00064DDE   336 0001:00064DF5   337 0001:00064E1C
   341 0001:00064E32   342 0001:00064E4D   343 0001:00064E5F   345 0001:00064E66
   346 0001:00064E92   347 0001:00064EE0   348 0001:00064EF6   344 0001:00064EF7
   350 0001:00064F0B   353 0001:00064F21   354 0001:00064F40   357 0001:00064F52
   358 0001:00064F77   361 0001:00064F9A   362 0001:00064FAC   363 0001:00064FC2
   365 0001:00064FF6   372 0001:00065138   373 0001:00065156   374 0001:0006516A
   376 0001:00065181   377 0001:000651B3   378 0001:000651D2   379 0001:000651DF
   382 0001:000651EB   383 0001:00065206   384 0001:00065218   386 0001:0006521F
   387 0001:0006524B   388 0001:00065299   389 0001:000652D6   385 0001:000652D7
   391 0001:000652EB   395 0001:00065303   396 0001:0006532A   399 0001:00065340
   400 0001:0006535F   403 0001:00065371   404 0001:00065396   407 0001:000653B9
   408 0001:000653CB   409 0001:000653E1   411 0001:00065415   420 0001:00065578
   421 0001:00065596   422 0001:0006559B   424 0001:000655A3   427 0001:000655BE
   428 0001:000655CB   429 0001:000655D9   431 0001:000655DD   432 0001:00065609
   433 0001:00065624   430 0001:00065625   435 0001:00065635   438 0001:0006564D
   440 0001:00065668   441 0001:00065683   442 0001:00065689   443 0001:00065696
   445 0001:000656BA   448 0001:000656CC   451 0001:000656E7   452 0001:000656F4
   453 0001:00065702   455 0001:00065706   456 0001:00065732   457 0001:0006574D
   454 0001:0006574E   459 0001:0006575E   462 0001:00065776   464 0001:00065791
   465 0001:000657AC   466 0001:000657B2   467 0001:000657BF   469 0001:000657DC
   472 0001:000657E9   473 0001:000657FC   474 0001:00065819   475 0001:00065838
   476 0001:00065867   480 0001:0006599C   481 0001:000659B4   482 0001:000659C0
   486 0001:000659C4   487 0001:000659CB   488 0001:000659E3   489 0001:000659FB
   493 0001:000659FC   494 0001:00065A03   495 0001:00065A1B   496 0001:00065A33
   500 0001:00065A34   502 0001:00065A4B   503 0001:00065A5A   504 0001:00065A75
   505 0001:00065A85   506 0001:00065A99   507 0001:00065AA2   508 0001:00065AB8
   511 0001:00065ACE   512 0001:00065AE4   515 0001:00065AEE   517 0001:00065AFB
   518 0001:00065B1A   519 0001:00065B27   521 0001:00065B33   522 0001:00065B5A
   524 0001:00065B70   525 0001:00065B7F   530 0001:00065BBB   535 0001:00065CB0
   536 0001:00065CBB   537 0001:00065CDA   538 0001:00065CF9   541 0001:00065D18
   542 0001:00065D27   543 0001:00065D38   544 0001:00065D47   547 0001:00065D51
   550 0001:00065D69   551 0001:00065D78   552 0001:00065D89   553 0001:00065D98
   556 0001:00065DA2   559 0001:00065DBA   560 0001:00065DCC   561 0001:00065DDE
   562 0001:00065DEF   564 0001:00065DF9   565 0001:00065E18   566 0001:00065E37
   567 0001:00065E56   569 0001:00065F44   569 0001:00065F4B

Line numbers for Unit1(Unit1.pas) segment .text

    41 0001:000660CC    42 0001:000660ED    43 0001:000660F6    44 0001:00066104
    46 0001:00066113    47 0001:00066124    50 0001:0006615E    53 0001:00066193
    55 0001:000661A1    56 0001:000661AB    59 0001:000661B5    62 0001:000661BC
    63 0001:000661C0    64 0001:000661D8    67 0001:000661E2    68 0001:000661EB
    70 0001:000661F3    71 0001:00066208    73 0001:00066212    74 0001:00066222
    75 0001:00066226    76 0001:00066233    77 0001:0006623B    78 0001:00066250
    76 0001:00066251    79 0001:00066254    80 0001:00066271    82 0001:00066280
    83 0001:0006628C    84 0001:000662A4    85 0001:000662B0    88 0001:000662C1
    89 0001:000662D6    90 0001:000662E0    91 0001:000662EF    92 0001:000662FA
    93 0001:000662FE    94 0001:00066313    96 0001:0006631F    97 0001:00066334
    98 0001:0006633E    99 0001:00066348   100 0001:00066360   101 0001:0006636C
   102 0001:00066378   103 0001:00066384   105 0001:00066386    90 0001:00066387
   106 0001:0006638E   107 0001:00066392   108 0001:000663AA   111 0001:000663D9
   112 0001:000664C8   112 0001:000664CF

Line numbers for Project1(F:\Projekte\Delphi\Kicker\KickerFlasher\Project1.dpr) segment .text

    15 0001:000666A8    16 0001:000666B8    17 0001:000666C4    18 0001:000666DC
    19 0001:000666F4

Bound resource files

f:\programme\borland\delphi5\Lib\CONTROLS.RES
f:\programme\borland\delphi5\Lib\BUTTONS.RES
Unit5.DFM
Unit3.DFM
Unit4.DFM
Unit6.DFM
Unit7.DFM
Unit2.DFM
Unit1.DFM
Project1.RES
Project1.drf


Program entry point at 0001:000666A8
